Archive member included to satisfy reference by file (symbol)

c:/program files (x86)/atmel/studio/7.0/toolchain/arm/arm-gnu-toolchain/bin/../lib/gcc/arm-none-eabi/6.3.1/thumb/v7e-m\libgcc.a(_arm_addsubdf3.o)
                              src/main.o (__aeabi_i2d)
c:/program files (x86)/atmel/studio/7.0/toolchain/arm/arm-gnu-toolchain/bin/../lib/gcc/arm-none-eabi/6.3.1/thumb/v7e-m\libgcc.a(_arm_muldivdf3.o)
                              src/main.o (__aeabi_dmul)
c:/program files (x86)/atmel/studio/7.0/toolchain/arm/arm-gnu-toolchain/bin/../lib/gcc/arm-none-eabi/6.3.1/thumb/v7e-m\libgcc.a(_arm_fixdfsi.o)
                              src/main.o (__aeabi_d2iz)
c:/program files (x86)/atmel/studio/7.0/toolchain/arm/arm-gnu-toolchain/bin/../lib/gcc/arm-none-eabi/6.3.1/../../../../arm-none-eabi/lib/thumb/v7e-m\libc.a(lib_a-exit.o)
                              c:/program files (x86)/atmel/studio/7.0/toolchain/arm/arm-gnu-toolchain/bin/../lib/gcc/arm-none-eabi/6.3.1/../../../../arm-none-eabi/lib/thumb/v7e-m/crt0.o (exit)
c:/program files (x86)/atmel/studio/7.0/toolchain/arm/arm-gnu-toolchain/bin/../lib/gcc/arm-none-eabi/6.3.1/../../../../arm-none-eabi/lib/thumb/v7e-m\libc.a(lib_a-impure.o)
                              c:/program files (x86)/atmel/studio/7.0/toolchain/arm/arm-gnu-toolchain/bin/../lib/gcc/arm-none-eabi/6.3.1/../../../../arm-none-eabi/lib/thumb/v7e-m\libc.a(lib_a-exit.o) (_global_impure_ptr)
c:/program files (x86)/atmel/studio/7.0/toolchain/arm/arm-gnu-toolchain/bin/../lib/gcc/arm-none-eabi/6.3.1/../../../../arm-none-eabi/lib/thumb/v7e-m\libc.a(lib_a-init.o)
                              c:/program files (x86)/atmel/studio/7.0/toolchain/arm/arm-gnu-toolchain/bin/../lib/gcc/arm-none-eabi/6.3.1/../../../../arm-none-eabi/lib/thumb/v7e-m/crt0.o (__libc_init_array)
c:/program files (x86)/atmel/studio/7.0/toolchain/arm/arm-gnu-toolchain/bin/../lib/gcc/arm-none-eabi/6.3.1/../../../../arm-none-eabi/lib/thumb/v7e-m\libc.a(lib_a-memset.o)
                              c:/program files (x86)/atmel/studio/7.0/toolchain/arm/arm-gnu-toolchain/bin/../lib/gcc/arm-none-eabi/6.3.1/../../../../arm-none-eabi/lib/thumb/v7e-m/crt0.o (memset)
c:/program files (x86)/atmel/studio/7.0/toolchain/arm/arm-gnu-toolchain/bin/../lib/gcc/arm-none-eabi/6.3.1/../../../../arm-none-eabi/lib/thumb/v7e-m\libc.a(lib_a-sprintf.o)
                              src/main.o (sprintf)
c:/program files (x86)/atmel/studio/7.0/toolchain/arm/arm-gnu-toolchain/bin/../lib/gcc/arm-none-eabi/6.3.1/../../../../arm-none-eabi/lib/thumb/v7e-m\libc.a(lib_a-svfprintf.o)
                              c:/program files (x86)/atmel/studio/7.0/toolchain/arm/arm-gnu-toolchain/bin/../lib/gcc/arm-none-eabi/6.3.1/../../../../arm-none-eabi/lib/thumb/v7e-m\libc.a(lib_a-sprintf.o) (_svfprintf_r)
c:/program files (x86)/atmel/studio/7.0/toolchain/arm/arm-gnu-toolchain/bin/../lib/gcc/arm-none-eabi/6.3.1/../../../../arm-none-eabi/lib/thumb/v7e-m\libc.a(lib_a-__call_atexit.o)
                              c:/program files (x86)/atmel/studio/7.0/toolchain/arm/arm-gnu-toolchain/bin/../lib/gcc/arm-none-eabi/6.3.1/../../../../arm-none-eabi/lib/thumb/v7e-m\libc.a(lib_a-exit.o) (__call_exitprocs)
c:/program files (x86)/atmel/studio/7.0/toolchain/arm/arm-gnu-toolchain/bin/../lib/gcc/arm-none-eabi/6.3.1/../../../../arm-none-eabi/lib/thumb/v7e-m\libc.a(lib_a-atexit.o)
                              c:/program files (x86)/atmel/studio/7.0/toolchain/arm/arm-gnu-toolchain/bin/../lib/gcc/arm-none-eabi/6.3.1/../../../../arm-none-eabi/lib/thumb/v7e-m\libc.a(lib_a-__call_atexit.o) (atexit)
c:/program files (x86)/atmel/studio/7.0/toolchain/arm/arm-gnu-toolchain/bin/../lib/gcc/arm-none-eabi/6.3.1/../../../../arm-none-eabi/lib/thumb/v7e-m\libc.a(lib_a-dtoa.o)
                              c:/program files (x86)/atmel/studio/7.0/toolchain/arm/arm-gnu-toolchain/bin/../lib/gcc/arm-none-eabi/6.3.1/../../../../arm-none-eabi/lib/thumb/v7e-m\libc.a(lib_a-svfprintf.o) (_dtoa_r)
c:/program files (x86)/atmel/studio/7.0/toolchain/arm/arm-gnu-toolchain/bin/../lib/gcc/arm-none-eabi/6.3.1/../../../../arm-none-eabi/lib/thumb/v7e-m\libc.a(lib_a-fini.o)
                              c:/program files (x86)/atmel/studio/7.0/toolchain/arm/arm-gnu-toolchain/bin/../lib/gcc/arm-none-eabi/6.3.1/../../../../arm-none-eabi/lib/thumb/v7e-m\libc.a(lib_a-__call_atexit.o) (__libc_fini_array)
c:/program files (x86)/atmel/studio/7.0/toolchain/arm/arm-gnu-toolchain/bin/../lib/gcc/arm-none-eabi/6.3.1/../../../../arm-none-eabi/lib/thumb/v7e-m\libc.a(lib_a-localeconv.o)
                              c:/program files (x86)/atmel/studio/7.0/toolchain/arm/arm-gnu-toolchain/bin/../lib/gcc/arm-none-eabi/6.3.1/../../../../arm-none-eabi/lib/thumb/v7e-m\libc.a(lib_a-svfprintf.o) (_localeconv_r)
c:/program files (x86)/atmel/studio/7.0/toolchain/arm/arm-gnu-toolchain/bin/../lib/gcc/arm-none-eabi/6.3.1/../../../../arm-none-eabi/lib/thumb/v7e-m\libc.a(lib_a-lock.o)
[...]
Memory Configuration

Name             Origin             Length             Attributes
rom              0x00400000         0x00200000         xr
ram              0x20400000         0x00060000         xrw
*default*        0x00000000         0xffffffff

Linker script and memory map

LOAD c:/program files (x86)/atmel/studio/7.0/toolchain/arm/arm-gnu-toolchain/bin/../lib/gcc/arm-none-eabi/6.3.1/thumb/v7e-m/crti.o
LOAD c:/program files (x86)/atmel/studio/7.0/toolchain/arm/arm-gnu-toolchain/bin/../lib/gcc/arm-none-eabi/6.3.1/thumb/v7e-m/crtbegin.o
LOAD c:/program files (x86)/atmel/studio/7.0/toolchain/arm/arm-gnu-toolchain/bin/../lib/gcc/arm-none-eabi/6.3.1/../../../../arm-none-eabi/lib/thumb/v7e-m/crt0.o
LOAD src/ASF/sam/drivers/rtt/rtt.o
LOAD src/main.o
LOAD src/ASF/common/services/delay/sam/cycle_counter.o
LOAD src/ASF/common/services/spi/sam_spi/spi_master.o
LOAD src/ASF/sam/components/display/ili9488/ili9488.o
LOAD src/ASF/sam/drivers/spi/spi.o
LOAD src/ASF/common/services/clock/same70/sysclk.o
LOAD src/ASF/common/utils/interrupt/interrupt_sam_nvic.o
LOAD src/ASF/sam/boards/same70_xplained/init.o
LOAD src/ASF/sam/drivers/mpu/mpu.o
LOAD src/ASF/sam/drivers/pio/pio.o
LOAD src/ASF/sam/drivers/pio/pio_handler.o
LOAD src/ASF/sam/drivers/pmc/pmc.o
LOAD src/ASF/sam/drivers/pmc/sleep.o
LOAD src/ASF/sam/utils/cmsis/same70/source/templates/gcc/startup_same70.o
LOAD src/ASF/sam/utils/cmsis/same70/source/templates/system_same70.o
LOAD src/ASF/sam/utils/syscalls/gcc/syscalls.o
START GROUP
LOAD ../src/ASF/thirdparty/CMSIS/Lib/GCC\libarm_cortexM7lfsp_math_softfp.a
LOAD c:/program files (x86)/atmel/studio/7.0/toolchain/arm/arm-gnu-toolchain/bin/../lib/gcc/arm-none-eabi/6.3.1/../../../../arm-none-eabi/lib/thumb/v7e-m\libm.a
END GROUP
START GROUP
LOAD c:/program files (x86)/atmel/studio/7.0/toolchain/arm/arm-gnu-toolchain/bin/../lib/gcc/arm-none-eabi/6.3.1/thumb/v7e-m\libgcc.a
LOAD c:/program files (x86)/atmel/studio/7.0/toolchain/arm/arm-gnu-toolchain/bin/../lib/gcc/arm-none-eabi/6.3.1/../../../../arm-none-eabi/lib/thumb/v7e-m\libc.a
END GROUP
LOAD c:/program files (x86)/atmel/studio/7.0/toolchain/arm/arm-gnu-toolchain/bin/../lib/gcc/arm-none-eabi/6.3.1/thumb/v7e-m/crtend.o
LOAD c:/program files (x86)/atmel/studio/7.0/toolchain/arm/arm-gnu-toolchain/bin/../lib/gcc/arm-none-eabi/6.3.1/thumb/v7e-m/crtn.o
                0x00002000                STACK_SIZE = DEFINED (STACK_SIZE)?STACK_SIZE:0x2000
                0x2045fffc                __ram_end__ = ((ORIGIN (ram) + LENGTH (ram)) - 0x4)
                0x00000200                HEAP_SIZE = DEFINED (HEAP_SIZE)?HEAP_SIZE:0x200

.text           0x00400000    0x345fc
                0x00400000                . = ALIGN (0x4)
                0x00400000                _sfixed = .
 *(.vectors .vectors.*)
 .vectors       0x00400000      0x168 src/ASF/sam/utils/cmsis/same70/source/templates/gcc/startup_same70.o
                0x00400000                exception_table
 *(.text .text.* .gnu.linkonce.t.*)
 .text          0x00400168       0x6c c:/program files (x86)/atmel/studio/7.0/toolchain/arm/arm-gnu-toolchain/bin/../lib/gcc/arm-none-eabi/6.3.1/thumb/v7e-m/crtbegin.o
 .text.rtt_init
                0x004001d4       0x30 src/ASF/sam/drivers/rtt/rtt.o
                0x004001d4                rtt_init
 .text.rtt_sel_source
                0x00400204       0x58 src/ASF/sam/drivers/rtt/rtt.o
                0x00400204                rtt_sel_source
 .text.rtt_enable_interrupt
                0x0040025c       0x38 src/ASF/sam/drivers/rtt/rtt.o
                0x0040025c                rtt_enable_interrupt
 .text.rtt_disable_interrupt
                0x00400294       0x40 src/ASF/sam/drivers/rtt/rtt.o
                0x00400294                rtt_disable_interrupt
 .text.rtt_read_timer_value
                0x004002d4       0x2e src/ASF/sam/drivers/rtt/rtt.o
                0x004002d4                rtt_read_timer_value
 .text.rtt_get_status
                0x00400302       0x18 src/ASF/sam/drivers/rtt/rtt.o
                0x00400302                rtt_get_status
 *fill*         0x0040031a        0x2 
 .text.rtt_write_alarm_time
                0x0040031c       0x5c src/ASF/sam/drivers/rtt/rtt.o
                0x0040031c                rtt_write_alarm_time
 .text.NVIC_EnableIRQ
                0x00400378       0x34 src/main.o
 .text.NVIC_DisableIRQ
                0x004003ac       0x34 src/main.o
 .text.NVIC_ClearPendingIRQ
                0x004003e0       0x34 src/main.o
 .text.NVIC_SetPriority
                0x00400414       0x54 src/main.o
 .text.configure_lcd
                0x00400468       0x4c src/main.o
                0x00400468                configure_lcd
 .text.font_draw_text
                0x004004b4       0x88 src/main.o
                0x004004b4                font_draw_text
 .text.callbk_btn
                0x0040053c       0x18 src/main.o
                0x0040053c                callbk_btn
 .text.RTT_Handler
                0x00400554       0x34 src/main.o
                0x00400554                RTT_Handler
 .text.io_init  0x00400588       0x68 src/main.o
                0x00400588                io_init
 .text.RTT_init
                0x004005f0       0x98 src/main.o
 .text.main     0x00400688      0x28c src/main.o
                0x00400688                main
 .text.osc_get_rate
                0x00400914       0x74 src/ASF/common/services/spi/sam_spi/spi_master.o
 .text.sysclk_get_main_hz
                0x00400988       0x20 src/ASF/common/services/spi/sam_spi/spi_master.o
 .text.sysclk_get_peripheral_hz
                0x004009a8       0x14 src/ASF/common/services/spi/sam_spi/spi_master.o
 .text.spi_reset
                0x004009bc       0x1a src/ASF/common/services/spi/sam_spi/spi_master.o
 .text.spi_set_master_mode
                0x004009d6       0x20 src/ASF/common/services/spi/sam_spi/spi_master.o
 .text.spi_set_fixed_peripheral_select
                0x004009f6       0x20 src/ASF/common/services/spi/sam_spi/spi_master.o
 .text.spi_disable_peripheral_select_decode
                0x00400a16       0x20 src/ASF/common/services/spi/sam_spi/spi_master.o
 .text.spi_get_peripheral_select_decode_setting
                0x00400a36       0x26 src/ASF/common/services/spi/sam_spi/spi_master.o
 .text.spi_disable_mode_fault_detect
                0x00400a5c       0x20 src/ASF/common/services/spi/sam_spi/spi_master.o
 .text.spi_disable_loopback
                0x00400a7c       0x20 src/ASF/common/services/spi/sam_spi/spi_master.o
 .text.spi_put  0x00400a9c       0x1e src/ASF/common/services/spi/sam_spi/spi_master.o
 .text.spi_get  0x00400aba       0x1a src/ASF/common/services/spi/sam_spi/spi_master.o
 .text.spi_is_tx_ready
                0x00400ad4       0x26 src/ASF/common/services/spi/sam_spi/spi_master.o
 .text.spi_is_rx_ready
                0x00400afa       0x2c src/ASF/common/services/spi/sam_spi/spi_master.o
 *fill*         0x00400b26        0x2 
 .text.spi_write_single
                0x00400b28       0x24 src/ASF/common/services/spi/sam_spi/spi_master.o
 .text.spi_read_single
                0x00400b4c       0x24 src/ASF/common/services/spi/sam_spi/spi_master.o
 .text.spi_master_init
                0x00400b70       0x70 src/ASF/common/services/spi/sam_spi/spi_master.o
                0x00400b70                spi_master_init
 .text.spi_master_setup_device
                0x00400be0       0xb4 src/ASF/common/services/spi/sam_spi/spi_master.o
                0x00400be0                spi_master_setup_device
 .text.spi_select_device
                0x00400c94       0x58 src/ASF/common/services/spi/sam_spi/spi_master.o
                0x00400c94                spi_select_device
 .text.spi_write_packet
                0x00400cec       0x74 src/ASF/common/services/spi/sam_spi/spi_master.o
                0x00400cec                spi_write_packet
 .text.spi_read_packet
                0x00400d60       0xac src/ASF/common/services/spi/sam_spi/spi_master.o
                0x00400d60                spi_read_packet
 .text.spi_enable
                0x00400e0c       0x1a src/ASF/sam/components/display/ili9488/ili9488.o
 .text.spi_enable_interrupt
                0x00400e26       0x1c src/ASF/sam/components/display/ili9488/ili9488.o
 *fill*         0x00400e42        0x2 
 .text.ili9488_write_ram_prepare
                0x00400e44       0x40 src/ASF/sam/components/display/ili9488/ili9488.o
 .text.ili9488_write_ram_buffer
                0x00400e84       0x40 src/ASF/sam/components/display/ili9488/ili9488.o
 .text.ili9488_write_register
                0x00400ec4       0x78 src/ASF/sam/components/display/ili9488/ili9488.o
 .text.ili9488_read_chipid
                0x00400f3c       0xcc src/ASF/sam/components/display/ili9488/ili9488.o
 .text.ili9488_delay
                0x00401008       0x40 src/ASF/sam/components/display/ili9488/ili9488.o
                0x00401008                ili9488_delay
 .text.ili9488_check_box_coordinates
                0x00401048       0xa2 src/ASF/sam/components/display/ili9488/ili9488.o
 *fill*         0x004010ea        0x2 
 .text.ili9488_set_display_direction
                0x004010ec       0x34 src/ASF/sam/components/display/ili9488/ili9488.o
                0x004010ec                ili9488_set_display_direction
 .text.ili9488_set_window
                0x00401120       0xc8 src/ASF/sam/components/display/ili9488/ili9488.o
                0x00401120                ili9488_set_window
 .text.ili9488_init
                0x004011e8      0x15c src/ASF/sam/components/display/ili9488/ili9488.o
                0x004011e8                ili9488_init
 .text.ili9488_display_on
                0x00401344       0x18 src/ASF/sam/components/display/ili9488/ili9488.o
                0x00401344                ili9488_display_on
 .text.ili9488_set_foreground_color
                0x0040135c       0x54 src/ASF/sam/components/display/ili9488/ili9488.o
                0x0040135c                ili9488_set_foreground_color
 .text.ili9488_set_cursor_position
                0x004013b0       0x84 src/ASF/sam/components/display/ili9488/ili9488.o
                0x004013b0                ili9488_set_cursor_position
 .text.ili9488_draw_filled_rectangle
                0x00401434       0xdc src/ASF/sam/components/display/ili9488/ili9488.o
                0x00401434                ili9488_draw_filled_rectangle
 .text.ili9488_draw_pixmap
                0x00401510       0xb4 src/ASF/sam/components/display/ili9488/ili9488.o
                0x00401510                ili9488_draw_pixmap
 .text.spi_get_peripheral_select_mode
                0x004015c4       0x26 src/ASF/sam/drivers/spi/spi.o
 *fill*         0x004015ea        0x2 
 .text.sysclk_enable_peripheral_clock
                0x004015ec       0x1c src/ASF/sam/drivers/spi/spi.o
 .text.spi_enable_clock
                0x00401608       0x3c src/ASF/sam/drivers/spi/spi.o
                0x00401608                spi_enable_clock
 .text.spi_set_peripheral_chip_select_value
                0x00401644       0x34 src/ASF/sam/drivers/spi/spi.o
                0x00401644                spi_set_peripheral_chip_select_value
 .text.spi_set_delay_between_chip_select
                0x00401678       0x30 src/ASF/sam/drivers/spi/spi.o
                0x00401678                spi_set_delay_between_chip_select
 .text.spi_write
                0x004016a8       0x80 src/ASF/sam/drivers/spi/spi.o
                0x004016a8                spi_write
 .text.spi_set_clock_polarity
                0x00401728       0x50 src/ASF/sam/drivers/spi/spi.o
                0x00401728                spi_set_clock_polarity
 .text.spi_set_clock_phase
                0x00401778       0x50 src/ASF/sam/drivers/spi/spi.o
                0x00401778                spi_set_clock_phase
 .text.spi_configure_cs_behavior
                0x004017c8       0xa6 src/ASF/sam/drivers/spi/spi.o
                0x004017c8                spi_configure_cs_behavior
 .text.spi_set_bits_per_transfer
                0x0040186e       0x4a src/ASF/sam/drivers/spi/spi.o
                0x0040186e                spi_set_bits_per_transfer
 .text.spi_calc_baudrate_div
                0x004018b8       0x3c src/ASF/sam/drivers/spi/spi.o
                0x004018b8                spi_calc_baudrate_div
 .text.spi_set_baudrate_div
                0x004018f4       0x5e src/ASF/sam/drivers/spi/spi.o
                0x004018f4                spi_set_baudrate_div
 .text.spi_set_transfer_delay
                0x00401952       0x5e src/ASF/sam/drivers/spi/spi.o
                0x00401952                spi_set_transfer_delay
 .text.osc_enable
                0x004019b0       0x88 src/ASF/common/services/clock/same70/sysclk.o
 .text.osc_is_ready
                0x00401a38       0x70 src/ASF/common/services/clock/same70/sysclk.o
 .text.osc_get_rate
                0x00401aa8       0x74 src/ASF/common/services/clock/same70/sysclk.o
 .text.osc_wait_ready
                0x00401b1c       0x2c src/ASF/common/services/clock/same70/sysclk.o
 .text.pll_config_init
                0x00401b48       0x6c src/ASF/common/services/clock/same70/sysclk.o
 .text.pll_enable
                0x00401bb4       0x40 src/ASF/common/services/clock/same70/sysclk.o
 .text.pll_is_locked
                0x00401bf4       0x2c src/ASF/common/services/clock/same70/sysclk.o
 .text.pll_enable_source
                0x00401c20       0x38 src/ASF/common/services/clock/same70/sysclk.o
 .text.pll_wait_for_lock
                0x00401c58       0x24 src/ASF/common/services/clock/same70/sysclk.o
 .text.sysclk_get_main_hz
                0x00401c7c       0x20 src/ASF/common/services/clock/same70/sysclk.o
 .text.sysclk_get_cpu_hz
                0x00401c9c       0x14 src/ASF/common/services/clock/same70/sysclk.o
 .text.sysclk_init
                0x00401cb0       0x7c src/ASF/common/services/clock/same70/sysclk.o
                0x00401cb0                sysclk_init
 .text.SCB_EnableICache
                0x00401d2c       0x38 src/ASF/sam/boards/same70_xplained/init.o
 .text.SCB_EnableDCache
                0x00401d64       0xa4 src/ASF/sam/boards/same70_xplained/init.o
 .text.sysclk_enable_peripheral_clock
                0x00401e08       0x1c src/ASF/sam/boards/same70_xplained/init.o
 .text.ioport_init
                0x00401e24       0x2c src/ASF/sam/boards/same70_xplained/init.o
 .text.ioport_set_pin_mode
                0x00401e50      0x11c src/ASF/sam/boards/same70_xplained/init.o
 .text.ioport_set_pin_dir
                0x00401f6c       0x88 src/ASF/sam/boards/same70_xplained/init.o
 .text.ioport_set_pin_level
                0x00401ff4       0x6c src/ASF/sam/boards/same70_xplained/init.o
 .text.ioport_set_pin_sense_mode
                0x00402060       0xd0 src/ASF/sam/boards/same70_xplained/init.o
 .text.tcm_disable
                0x00402130       0x44 src/ASF/sam/boards/same70_xplained/init.o
 .text.board_init
                0x00402174      0x188 src/ASF/sam/boards/same70_xplained/init.o
                0x00402174                board_init
 .text.pio_pull_up
                0x004022fc       0x2c src/ASF/sam/drivers/pio/pio.o
                0x004022fc                pio_pull_up
 .text.pio_set  0x00402328       0x1c src/ASF/sam/drivers/pio/pio.o
                0x00402328                pio_set
 .text.pio_set_peripheral
                0x00402344      0x110 src/ASF/sam/drivers/pio/pio.o
                0x00402344                pio_set_peripheral
 .text.pio_set_input
                0x00402454       0x80 src/ASF/sam/drivers/pio/pio.o
                0x00402454                pio_set_input
 .text.pio_set_output
                0x004024d4       0x64 src/ASF/sam/drivers/pio/pio.o
                0x004024d4                pio_set_output
 .text.pio_configure
                0x00402538       0xcc src/ASF/sam/drivers/pio/pio.o
                0x00402538                pio_configure
 .text.pio_configure_interrupt
                0x00402604       0x6c src/ASF/sam/drivers/pio/pio.o
                0x00402604                pio_configure_interrupt
 .text.pio_enable_interrupt
                0x00402670       0x1c src/ASF/sam/drivers/pio/pio.o
                0x00402670                pio_enable_interrupt
 .text.pio_disable_interrupt
                0x0040268c       0x1c src/ASF/sam/drivers/pio/pio.o
                0x0040268c                pio_disable_interrupt
 .text.pio_get_interrupt_status
                0x004026a8       0x18 src/ASF/sam/drivers/pio/pio.o
                0x004026a8                pio_get_interrupt_status
 .text.pio_get_interrupt_mask
                0x004026c0       0x18 src/ASF/sam/drivers/pio/pio.o
                0x004026c0                pio_get_interrupt_mask
 .text.pio_set_pin_high
                0x004026d8       0x30 src/ASF/sam/drivers/pio/pio.o
                0x004026d8                pio_set_pin_high
 .text.pio_set_pin_low
                0x00402708       0x30 src/ASF/sam/drivers/pio/pio.o
                0x00402708                pio_set_pin_low
 .text.pio_configure_pin
                0x00402738      0x1b0 src/ASF/sam/drivers/pio/pio.o
                0x00402738                pio_configure_pin
 .text.pio_get_pin_group
                0x004028e8       0x28 src/ASF/sam/drivers/pio/pio.o
                0x004028e8                pio_get_pin_group
 .text.pio_handler_process
                0x00402910       0xb4 src/ASF/sam/drivers/pio/pio_handler.o
                0x00402910                pio_handler_process
 .text.pio_handler_set
                0x004029c4       0xa0 src/ASF/sam/drivers/pio/pio_handler.o
                0x004029c4                pio_handler_set
 .text.PIOA_Handler
                0x00402a64       0x18 src/ASF/sam/drivers/pio/pio_handler.o
                0x00402a64                PIOA_Handler
 .text.PIOB_Handler
                0x00402a7c       0x18 src/ASF/sam/drivers/pio/pio_handler.o
                0x00402a7c                PIOB_Handler
 .text.PIOC_Handler
                0x00402a94       0x18 src/ASF/sam/drivers/pio/pio_handler.o
                0x00402a94                PIOC_Handler
 .text.PIOD_Handler
                0x00402aac       0x18 src/ASF/sam/drivers/pio/pio_handler.o
                0x00402aac                PIOD_Handler
 .text.PIOE_Handler
                0x00402ac4       0x18 src/ASF/sam/drivers/pio/pio_handler.o
                0x00402ac4                PIOE_Handler
 .text.pmc_mck_set_division
                0x00402adc       0x7c src/ASF/sam/drivers/pmc/pmc.o
                0x00402adc                pmc_mck_set_division
 .text.pmc_switch_mck_to_pllack
                0x00402b58       0x84 src/ASF/sam/drivers/pmc/pmc.o
                0x00402b58                pmc_switch_mck_to_pllack
 .text.pmc_switch_sclk_to_32kxtal
                0x00402bdc       0x38 src/ASF/sam/drivers/pmc/pmc.o
                0x00402bdc                pmc_switch_sclk_to_32kxtal
 .text.pmc_osc_is_ready_32kxtal
                0x00402c14       0x34 src/ASF/sam/drivers/pmc/pmc.o
                0x00402c14                pmc_osc_is_ready_32kxtal
 .text.pmc_switch_mainck_to_fastrc
                0x00402c48       0x70 src/ASF/sam/drivers/pmc/pmc.o
                0x00402c48                pmc_switch_mainck_to_fastrc
 .text.pmc_switch_mainck_to_xtal
                0x00402cb8       0x78 src/ASF/sam/drivers/pmc/pmc.o
                0x00402cb8                pmc_switch_mainck_to_xtal
 .text.pmc_osc_is_ready_mainck
                0x00402d30       0x1c src/ASF/sam/drivers/pmc/pmc.o
                0x00402d30                pmc_osc_is_ready_mainck
 .text.pmc_disable_pllack
                0x00402d4c       0x1c src/ASF/sam/drivers/pmc/pmc.o
                0x00402d4c                pmc_disable_pllack
 .text.pmc_is_locked_pllack
                0x00402d68       0x1c src/ASF/sam/drivers/pmc/pmc.o
                0x00402d68                pmc_is_locked_pllack
 .text.pmc_is_locked_upll
                0x00402d84       0x1c src/ASF/sam/drivers/pmc/pmc.o
                0x00402d84                pmc_is_locked_upll
 .text.pmc_enable_periph_clk
                0x00402da0       0x3c src/ASF/sam/drivers/pmc/pmc.o
                0x00402da0                pmc_enable_periph_clk
 .text.cpu_irq_save
                0x00402ddc       0x38 src/ASF/sam/utils/cmsis/same70/source/templates/gcc/startup_same70.o
 .text.cpu_irq_is_enabled_flags
                0x00402e14       0x20 src/ASF/sam/utils/cmsis/same70/source/templates/gcc/startup_same70.o
 .text.cpu_irq_restore
                0x00402e34       0x30 src/ASF/sam/utils/cmsis/same70/source/templates/gcc/startup_same70.o
 .text.Reset_Handler
                0x00402e64       0xb0 src/ASF/sam/utils/cmsis/same70/source/templates/gcc/startup_same70.o
                0x00402e64                Reset_Handler
 .text.Dummy_Handler
                0x00402f14        0x6 src/ASF/sam/utils/cmsis/same70/source/templates/gcc/startup_same70.o
                0x00402f14                DACC_Handler
                0x00402f14                DebugMon_Handler
                0x00402f14                UART3_Handler
                0x00402f14                UART2_Handler
                0x00402f14                TRNG_Handler
                0x00402f14                HardFault_Handler
                0x00402f14                TC2_Handler
                0x00402f14                SysTick_Handler
                0x00402f14                AFEC1_Handler
                0x00402f14                PendSV_Handler
                0x00402f14                NMI_Handler
                0x00402f14                TC7_Handler
                0x00402f14                QSPI_Handler
                0x00402f14                ISI_Handler
                0x00402f14                MCAN0_INT0_Handler
                0x00402f14                TC9_Handler
                0x00402f14                RSWDT_Handler
                0x00402f14                USART0_Handler
                0x00402f14                USBHS_Handler
                0x00402f14                IXC_Handler
                0x00402f14                CCF_Handler
                0x00402f14                RTC_Handler
                0x00402f14                UsageFault_Handler
                0x00402f14                TC6_Handler
                0x00402f14                WDT_Handler
                0x00402f14                MCAN1_INT1_Handler
                0x00402f14                TC4_Handler
                0x00402f14                TC1_Handler
                0x00402f14                HSMCI_Handler
                0x00402f14                UART1_Handler
                0x00402f14                TC3_Handler
                0x00402f14                Dummy_Handler
                0x00402f14                TWIHS1_Handler
                0x00402f14                XDMAC_Handler
                0x00402f14                UART4_Handler
                0x00402f14                PWM1_Handler
                0x00402f14                USART1_Handler
                0x00402f14                PWM0_Handler
                0x00402f14                AFEC0_Handler
                0x00402f14                CCW_Handler
                0x00402f14                TC11_Handler
                0x00402f14                SSC_Handler
                0x00402f14                ACC_Handler
                0x00402f14                PMC_Handler
                0x00402f14                GMAC_Handler
                0x00402f14                MCAN0_INT1_Handler
                0x00402f14                GMAC_Q5_Handler
                0x00402f14                MemManage_Handler
                0x00402f14                SUPC_Handler
                0x00402f14                SVC_Handler
                0x00402f14                TC8_Handler
                0x00402f14                MCAN1_INT0_Handler
                0x00402f14                EFC_Handler
                0x00402f14                GMAC_Q1_Handler
                0x00402f14                USART2_Handler
                0x00402f14                SDRAMC_Handler
                0x00402f14                GMAC_Q2_Handler
                0x00402f14                SPI1_Handler
                0x00402f14                TC10_Handler
                0x00402f14                GMAC_Q3_Handler
                0x00402f14                TWIHS2_Handler
                0x00402f14                I2SC0_Handler
                0x00402f14                UART0_Handler
                0x00402f14                I2SC1_Handler
                0x00402f14                GMAC_Q4_Handler
                0x00402f14                FPU_Handler
                0x00402f14                BusFault_Handler
                0x00402f14                RSTC_Handler
                0x00402f14                TC0_Handler
                0x00402f14                TC5_Handler
                0x00402f14                AES_Handler
                0x00402f14                ICM_Handler
                0x00402f14                TWIHS0_Handler
                0x00402f14                SPI0_Handler
 *fill*         0x00402f1a        0x2 
 .text.SystemCoreClockUpdate
                0x00402f1c      0x168 src/ASF/sam/utils/cmsis/same70/source/templates/system_same70.o
                0x00402f1c                SystemCoreClockUpdate
 .text.system_init_flash
                0x00403084       0xb0 src/ASF/sam/utils/cmsis/same70/source/templates/system_same70.o
                0x00403084                system_init_flash
 .text._sbrk    0x00403134       0x58 src/ASF/sam/utils/syscalls/gcc/syscalls.o
                0x00403134                _sbrk
 .text          0x0040318c      0x370 c:/program files (x86)/atmel/studio/7.0/toolchain/arm/arm-gnu-toolchain/bin/../lib/gcc/arm-none-eabi/6.3.1/thumb/v7e-m\libgcc.a(_arm_addsubdf3.o)
                0x0040318c                __aeabi_drsub
                0x00403194                __aeabi_dsub
                0x00403194                __subdf3
                0x00403198                __aeabi_dadd
                0x00403198                __adddf3
                0x00403410                __floatunsidf
                0x00403410                __aeabi_ui2d
                0x00403430                __floatsidf
                0x00403430                __aeabi_i2d
                0x00403454                __aeabi_f2d
                0x00403454                __extendsfdf2
                0x00403490                __floatundidf
                0x00403490                __aeabi_ul2d
                0x004034a0                __floatdidf
                0x004034a0                __aeabi_l2d
 .text          0x004034fc      0x424 c:/program files (x86)/atmel/studio/7.0/toolchain/arm/arm-gnu-toolchain/bin/../lib/gcc/arm-none-eabi/6.3.1/thumb/v7e-m\libgcc.a(_arm_muldivdf3.o)
                0x004034fc                __aeabi_dmul
                0x004034fc                __muldf3
                0x00403750                __divdf3
                0x00403750                __aeabi_ddiv
 .text          0x00403920       0x50 c:/program files (x86)/atmel/studio/7.0/toolchain/arm/arm-gnu-toolchain/bin/../lib/gcc/arm-none-eabi/6.3.1/thumb/v7e-m\libgcc.a(_arm_fixdfsi.o)
                0x00403920                __aeabi_d2iz
                0x00403920                __fixdfsi
 .text.__libc_init_array
                0x00403970       0x50 c:/program files (x86)/atmel/studio/7.0/toolchain/arm/arm-gnu-toolchain/bin/../lib/gcc/arm-none-eabi/6.3.1/../../../../arm-none-eabi/lib/thumb/v7e-m\libc.a(lib_a-init.o)
                0x00403970                __libc_init_array
 .text.memset   0x004039c0       0x9c c:/program files (x86)/atmel/studio/7.0/toolchain/arm/arm-gnu-toolchain/bin/../lib/gcc/arm-none-eabi/6.3.1/../../../../arm-none-eabi/lib/thumb/v7e-m\libc.a(lib_a-memset.o)
                0x004039c0                memset
 .text.sprintf  0x00403a5c       0x4c c:/program files (x86)/atmel/studio/7.0/toolchain/arm/arm-gnu-toolchain/bin/../lib/gcc/arm-none-eabi/6.3.1/../../../../arm-none-eabi/lib/thumb/v7e-m\libc.a(lib_a-sprintf.o)
                0x00403a5c                sprintf
 .text._svfprintf_r
                0x00403aa8     0x145c c:/program files (x86)/atmel/studio/7.0/toolchain/arm/arm-gnu-toolchain/bin/../lib/gcc/arm-none-eabi/6.3.1/../../../../arm-none-eabi/lib/thumb/v7e-m\libc.a(lib_a-svfprintf.o)
                0x00403aa8                _svfprintf_r
 .text.startup.register_fini
                0x00404f04       0x14 c:/program files (x86)/atmel/studio/7.0/toolchain/arm/arm-gnu-toolchain/bin/../lib/gcc/arm-none-eabi/6.3.1/../../../../arm-none-eabi/lib/thumb/v7e-m\libc.a(lib_a-__call_atexit.o)
 .text.atexit   0x00404f18        0xc c:/program files (x86)/atmel/studio/7.0/toolchain/arm/arm-gnu-toolchain/bin/../lib/gcc/arm-none-eabi/6.3.1/../../../../arm-none-eabi/lib/thumb/v7e-m\libc.a(lib_a-atexit.o)
                0x00404f18                atexit
 .text.quorem   0x00404f24      0x128 c:/program files (x86)/atmel/studio/7.0/toolchain/arm/arm-gnu-toolchain/bin/../lib/gcc/arm-none-eabi/6.3.1/../../../../arm-none-eabi/lib/thumb/v7e-m\libc.a(lib_a-dtoa.o)
 *fill*         0x0040504c        0x4 
 .text._dtoa_r  0x00405050      0xe54 c:/program files (x86)/atmel/studio/7.0/toolchain/arm/arm-gnu-toolchain/bin/../lib/gcc/arm-none-eabi/6.3.1/../../../../arm-none-eabi/lib/thumb/v7e-m\libc.a(lib_a-dtoa.o)
                0x00405050                _dtoa_r
 .text.__libc_fini_array
                0x00405ea4       0x34 c:/program files (x86)/atmel/studio/7.0/toolchain/arm/arm-gnu-toolchain/bin/../lib/gcc/arm-none-eabi/6.3.1/../../../../arm-none-eabi/lib/thumb/v7e-m\libc.a(lib_a-fini.o)
                0x00405ea4                __libc_fini_array
 .text._localeconv_r
                0x00405ed8       0x1c c:/program files (x86)/atmel/studio/7.0/toolchain/arm/arm-gnu-toolchain/bin/../lib/gcc/arm-none-eabi/6.3.1/../../../../arm-none-eabi/lib/thumb/v7e-m\libc.a(lib_a-localeconv.o)
                0x00405ed8                _localeconv_r
 .text.__retarget_lock_acquire_recursive
                0x00405ef4        0x4 c:/program files (x86)/atmel/studio/7.0/toolchain/arm/arm-gnu-toolchain/bin/../lib/gcc/arm-none-eabi/6.3.1/../../../../arm-none-eabi/lib/thumb/v7e-m\libc.a(lib_a-lock.o)
                0x00405ef4                __retarget_lock_acquire_recursive
 .text.__retarget_lock_release_recursive
                0x00405ef8        0x4 c:/program files (x86)/atmel/studio/7.0/toolchain/arm/arm-gnu-toolchain/bin/../lib/gcc/arm-none-eabi/6.3.1/../../../../arm-none-eabi/lib/thumb/v7e-m\libc.a(lib_a-lock.o)
                0x00405ef8                __retarget_lock_release_recursive
 .text._malloc_r
                0x00405efc      0x560 c:/program files (x86)/atmel/studio/7.0/toolchain/arm/arm-gnu-toolchain/bin/../lib/gcc/arm-none-eabi/6.3.1/../../../../arm-none-eabi/lib/thumb/v7e-m\libc.a(lib_a-mallocr.o)
                0x00405efc                _malloc_r
 *fill*         0x0040645c        0x4 
 .text          0x00406460       0xa0 c:/program files (x86)/atmel/studio/7.0/toolchain/arm/arm-gnu-toolchain/bin/../lib/gcc/arm-none-eabi/6.3.1/../../../../arm-none-eabi/lib/thumb/v7e-m\libc.a(lib_a-memchr.o)
                0x00406460                memchr
 .text          0x00406500      0x134 c:/program files (x86)/atmel/studio/7.0/toolchain/arm/arm-gnu-toolchain/bin/../lib/gcc/arm-none-eabi/6.3.1/../../../../arm-none-eabi/lib/thumb/v7e-m\libc.a(lib_a-memcpy.o)
                0x00406500                memcpy
 .text.__malloc_lock
                0x00406634        0xc c:/program files (x86)/atmel/studio/7.0/toolchain/arm/arm-gnu-toolchain/bin/../lib/gcc/arm-none-eabi/6.3.1/../../../../arm-none-eabi/lib/thumb/v7e-m\libc.a(lib_a-mlock.o)
                0x00406634                __malloc_lock
 .text.__malloc_unlock
                0x00406640        0xc c:/program files (x86)/atmel/studio/7.0/toolchain/arm/arm-gnu-toolchain/bin/../lib/gcc/arm-none-eabi/6.3.1/../../../../arm-none-eabi/lib/thumb/v7e-m\libc.a(lib_a-mlock.o)
                0x00406640                __malloc_unlock
 .text._Balloc  0x0040664c       0x4c c:/program files (x86)/atmel/studio/7.0/toolchain/arm/arm-gnu-toolchain/bin/../lib/gcc/arm-none-eabi/6.3.1/../../../../arm-none-eabi/lib/thumb/v7e-m\libc.a(lib_a-mprec.o)
                0x0040664c                _Balloc
 .text._Bfree   0x00406698       0x14 c:/program files (x86)/atmel/studio/7.0/toolchain/arm/arm-gnu-toolchain/bin/../lib/gcc/arm-none-eabi/6.3.1/../../../../arm-none-eabi/lib/thumb/v7e-m\libc.a(lib_a-mprec.o)
                0x00406698                _Bfree
 .text.__multadd
                0x004066ac       0x80 c:/program files (x86)/atmel/studio/7.0/toolchain/arm/arm-gnu-toolchain/bin/../lib/gcc/arm-none-eabi/6.3.1/../../../../arm-none-eabi/lib/thumb/v7e-m\libc.a(lib_a-mprec.o)
                0x004066ac                __multadd
 .text.__hi0bits
                0x0040672c       0x40 c:/program files (x86)/atmel/studio/7.0/toolchain/arm/arm-gnu-toolchain/bin/../lib/gcc/arm-none-eabi/6.3.1/../../../../arm-none-eabi/lib/thumb/v7e-m\libc.a(lib_a-mprec.o)
                0x0040672c                __hi0bits
 .text.__lo0bits
                0x0040676c       0x60 c:/program files (x86)/atmel/studio/7.0/toolchain/arm/arm-gnu-toolchain/bin/../lib/gcc/arm-none-eabi/6.3.1/../../../../arm-none-eabi/lib/thumb/v7e-m\libc.a(lib_a-mprec.o)
                0x0040676c                __lo0bits
 .text.__i2b    0x004067cc       0x14 c:/program files (x86)/atmel/studio/7.0/toolchain/arm/arm-gnu-toolchain/bin/../lib/gcc/arm-none-eabi/6.3.1/../../../../arm-none-eabi/lib/thumb/v7e-m\libc.a(lib_a-mprec.o)
                0x004067cc                __i2b
 .text.__multiply
                0x004067e0      0x124 c:/program files (x86)/atmel/studio/7.0/toolchain/arm/arm-gnu-toolchain/bin/../lib/gcc/arm-none-eabi/6.3.1/../../../../arm-none-eabi/lib/thumb/v7e-m\libc.a(lib_a-mprec.o)
                0x004067e0                __multiply
 .text.__pow5mult
                0x00406904       0xa0 c:/program files (x86)/atmel/studio/7.0/toolchain/arm/arm-gnu-toolchain/bin/../lib/gcc/arm-none-eabi/6.3.1/../../../../arm-none-eabi/lib/thumb/v7e-m\libc.a(lib_a-mprec.o)
                0x00406904                __pow5mult
 .text.__lshift
                0x004069a4       0xa4 c:/program files (x86)/atmel/studio/7.0/toolchain/arm/arm-gnu-toolchain/bin/../lib/gcc/arm-none-eabi/6.3.1/../../../../arm-none-eabi/lib/thumb/v7e-m\libc.a(lib_a-mprec.o)
                0x004069a4                __lshift
 .text.__mcmp   0x00406a48       0x38 c:/program files (x86)/atmel/studio/7.0/toolchain/arm/arm-gnu-toolchain/bin/../lib/gcc/arm-none-eabi/6.3.1/../../../../arm-none-eabi/lib/thumb/v7e-m\libc.a(lib_a-mprec.o)
                0x00406a48                __mcmp
 .text.__mdiff  0x00406a80      0x108 c:/program files (x86)/atmel/studio/7.0/toolchain/arm/arm-gnu-toolchain/bin/../lib/gcc/arm-none-eabi/6.3.1/../../../../arm-none-eabi/lib/thumb/v7e-m\libc.a(lib_a-mprec.o)
                0x00406a80                __mdiff
 .text.__d2b    0x00406b88       0xb8 c:/program files (x86)/atmel/studio/7.0/toolchain/arm/arm-gnu-toolchain/bin/../lib/gcc/arm-none-eabi/6.3.1/../../../../arm-none-eabi/lib/thumb/v7e-m\libc.a(lib_a-mprec.o)
                0x00406b88                __d2b
 .text._sbrk_r  0x00406c40       0x24 c:/program files (x86)/atmel/studio/7.0/toolchain/arm/arm-gnu-toolchain/bin/../lib/gcc/arm-none-eabi/6.3.1/../../../../arm-none-eabi/lib/thumb/v7e-m\libc.a(lib_a-sbrkr.o)
                0x00406c40                _sbrk_r
 *fill*         0x00406c64       0x1c 
 .text          0x00406c80       0xdc c:/program files (x86)/atmel/studio/7.0/toolchain/arm/arm-gnu-toolchain/bin/../lib/gcc/arm-none-eabi/6.3.1/../../../../arm-none-eabi/lib/thumb/v7e-m\libc.a(lib_a-strlen.o)
                0x00406c80                strlen
 .text.__ssprint_r
                0x00406d5c       0xfc c:/program files (x86)/atmel/studio/7.0/toolchain/arm/arm-gnu-toolchain/bin/../lib/gcc/arm-none-eabi/6.3.1/../../../../arm-none-eabi/lib/thumb/v7e-m\libc.a(lib_a-svfiprintf.o)
                0x00406d5c                __ssprint_r
 .text.__register_exitproc
                0x00406e58       0xc4 c:/program files (x86)/atmel/studio/7.0/toolchain/arm/arm-gnu-toolchain/bin/../lib/gcc/arm-none-eabi/6.3.1/../../../../arm-none-eabi/lib/thumb/v7e-m\libc.a(lib_a-__atexit.o)
                0x00406e58                __register_exitproc
 .text._calloc_r
                0x00406f1c       0x60 c:/program files (x86)/atmel/studio/7.0/toolchain/arm/arm-gnu-toolchain/bin/../lib/gcc/arm-none-eabi/6.3.1/../../../../arm-none-eabi/lib/thumb/v7e-m\libc.a(lib_a-callocr.o)
                0x00406f1c                _calloc_r
 .text._malloc_trim_r
                0x00406f7c       0xa0 c:/program files (x86)/atmel/studio/7.0/toolchain/arm/arm-gnu-toolchain/bin/../lib/gcc/arm-none-eabi/6.3.1/../../../../arm-none-eabi/lib/thumb/v7e-m\libc.a(lib_a-freer.o)
                0x00406f7c                _malloc_trim_r
 .text._free_r  0x0040701c      0x1cc c:/program files (x86)/atmel/studio/7.0/toolchain/arm/arm-gnu-toolchain/bin/../lib/gcc/arm-none-eabi/6.3.1/../../../../arm-none-eabi/lib/thumb/v7e-m\libc.a(lib_a-freer.o)
                0x0040701c                _free_r
 .text.__ascii_mbtowc
                0x004071e8       0x2c c:/program files (x86)/atmel/studio/7.0/toolchain/arm/arm-gnu-toolchain/bin/../lib/gcc/arm-none-eabi/6.3.1/../../../../arm-none-eabi/lib/thumb/v7e-m\libc.a(lib_a-mbtowc_r.o)
                0x004071e8                __ascii_mbtowc
 .text.memmove  0x00407214       0xc8 c:/program files (x86)/atmel/studio/7.0/toolchain/arm/arm-gnu-toolchain/bin/../lib/gcc/arm-none-eabi/6.3.1/../../../../arm-none-eabi/lib/thumb/v7e-m\libc.a(lib_a-memmove.o)
                0x00407214                memmove
 .text._realloc_r
                0x004072dc      0x34c c:/program files (x86)/atmel/studio/7.0/toolchain/arm/arm-gnu-toolchain/bin/../lib/gcc/arm-none-eabi/6.3.1/../../../../arm-none-eabi/lib/thumb/v7e-m\libc.a(lib_a-reallocr.o)
                0x004072dc                _realloc_r
 .text.__ascii_wctomb
                0x00407628       0x1c c:/program files (x86)/atmel/studio/7.0/toolchain/arm/arm-gnu-toolchain/bin/../lib/gcc/arm-none-eabi/6.3.1/../../../../arm-none-eabi/lib/thumb/v7e-m\libc.a(lib_a-wctomb_r.o)
                0x00407628                __ascii_wctomb
 .text          0x00407644      0x110 c:/program files (x86)/atmel/studio/7.0/toolchain/arm/arm-gnu-toolchain/bin/../lib/gcc/arm-none-eabi/6.3.1/thumb/v7e-m\libgcc.a(_arm_cmpdf2.o)
                0x00407644                __gtdf2
                0x00407644                __gedf2
                0x0040764c                __ltdf2
                0x0040764c                __ledf2
                0x00407654                __nedf2
                0x00407654                __eqdf2
                0x00407654                __cmpdf2
                0x004076d0                __aeabi_cdrcmple
                0x004076e0                __aeabi_cdcmpeq
                0x004076e0                __aeabi_cdcmple
                0x004076f0                __aeabi_dcmpeq
                0x00407704                __aeabi_dcmplt
                0x00407718                __aeabi_dcmple
                0x0040772c                __aeabi_dcmpge
                0x00407740                __aeabi_dcmpgt
 .text          0x00407754       0x2c c:/program files (x86)/atmel/studio/7.0/toolchain/arm/arm-gnu-toolchain/bin/../lib/gcc/arm-none-eabi/6.3.1/thumb/v7e-m\libgcc.a(_arm_unorddf2.o)
                0x00407754                __unorddf2
                0x00407754                __aeabi_dcmpun
 .text          0x00407780       0x30 c:/program files (x86)/atmel/studio/7.0/toolchain/arm/arm-gnu-toolchain/bin/../lib/gcc/arm-none-eabi/6.3.1/thumb/v7e-m\libgcc.a(_aeabi_uldivmod.o)
                0x00407780                __aeabi_uldivmod
 .text          0x004077b0      0x2dc c:/program files (x86)/atmel/studio/7.0/toolchain/arm/arm-gnu-toolchain/bin/../lib/gcc/arm-none-eabi/6.3.1/thumb/v7e-m\libgcc.a(_udivmoddi4.o)
                0x004077b0                __udivmoddi4
 .text          0x00407a8c        0x4 c:/program files (x86)/atmel/studio/7.0/toolchain/arm/arm-gnu-toolchain/bin/../lib/gcc/arm-none-eabi/6.3.1/thumb/v7e-m\libgcc.a(_dvmd_tls.o)
                0x00407a8c                __aeabi_idiv0
                0x00407a8c                __aeabi_ldiv0
 *(.glue_7t)
 .glue_7t       0x00407a90        0x0 linker stubs
 *(.glue_7)
 .glue_7        0x00407a90        0x0 linker stubs
 *(.rodata .rodata* .gnu.linkonce.r.*)
 .rodata.image_data_calibri_36_0x20
                0x00407a90      0x378 src/main.o
 .rodata.calibri_36_0x20
                0x00407e08       0x10 src/main.o
 .rodata.image_data_calibri_36_0x21
                0x00407e18      0x534 src/main.o
 .rodata.calibri_36_0x21
                0x0040834c       0x10 src/main.o
 .rodata.image_data_calibri_36_0x22
                0x0040835c      0x612 src/main.o
 *fill*         0x0040896e        0x2 
 .rodata.calibri_36_0x22
                0x00408970       0x10 src/main.o
 .rodata.image_data_calibri_36_0x23
                0x00408980      0x7ce src/main.o
 *fill*         0x0040914e        0x2 
 .rodata.calibri_36_0x23
                0x00409150       0x10 src/main.o
 .rodata.image_data_calibri_36_0x24
                0x00409160      0x7ce src/main.o
 *fill*         0x0040992e        0x2 
 .rodata.calibri_36_0x24
                0x00409930       0x10 src/main.o
 .rodata.image_data_calibri_36_0x25
                0x00409940      0xb46 src/main.o
 *fill*         0x0040a486        0x2 
 .rodata.calibri_36_0x25
                0x0040a488       0x10 src/main.o
 .rodata.image_data_calibri_36_0x26
                0x0040a498      0xad7 src/main.o
 *fill*         0x0040af6f        0x1 
 .rodata.calibri_36_0x26
                0x0040af70       0x10 src/main.o
 .rodata.image_data_calibri_36_0x27
                0x0040af80      0x378 src/main.o
 .rodata.calibri_36_0x27
                0x0040b2f8       0x10 src/main.o
 .rodata.image_data_calibri_36_0x28
                0x0040b308      0x4c5 src/main.o
 *fill*         0x0040b7cd        0x3 
 .rodata.calibri_36_0x28
                0x0040b7d0       0x10 src/main.o
 .rodata.image_data_calibri_36_0x29
                0x0040b7e0      0x4c5 src/main.o
 *fill*         0x0040bca5        0x3 
 .rodata.calibri_36_0x29
                0x0040bca8       0x10 src/main.o
 .rodata.image_data_calibri_36_0x2a
                0x0040bcb8      0x7ce src/main.o
 *fill*         0x0040c486        0x2 
 .rodata.calibri_36_0x2a
                0x0040c488       0x10 src/main.o
 .rodata.image_data_calibri_36_0x2b
                0x0040c498      0x7ce src/main.o
 *fill*         0x0040cc66        0x2 
 .rodata.calibri_36_0x2b
                0x0040cc68       0x10 src/main.o
 .rodata.image_data_calibri_36_0x2c
                0x0040cc78      0x3e7 src/main.o
 *fill*         0x0040d05f        0x1 
 .rodata.calibri_36_0x2c
                0x0040d060       0x10 src/main.o
 .rodata.image_data_calibri_36_0x2d
                0x0040d070      0x4c5 src/main.o
 *fill*         0x0040d535        0x3 
 .rodata.calibri_36_0x2d
                0x0040d538       0x10 src/main.o
 .rodata.image_data_calibri_36_0x2e
                0x0040d548      0x3e7 src/main.o
 *fill*         0x0040d92f        0x1 
 .rodata.calibri_36_0x2e
                0x0040d930       0x10 src/main.o
 .rodata.image_data_calibri_36_0x2f
                0x0040d940      0x612 src/main.o
 *fill*         0x0040df52        0x2 
 .rodata.calibri_36_0x2f
                0x0040df54       0x10 src/main.o
 .rodata.image_data_calibri_36_0x30
                0x0040df64      0x7ce src/main.o
 *fill*         0x0040e732        0x2 
 .rodata.calibri_36_0x30
                0x0040e734       0x10 src/main.o
 .rodata.image_data_calibri_36_0x31
                0x0040e744      0x7ce src/main.o
 *fill*         0x0040ef12        0x2 
 .rodata.calibri_36_0x31
                0x0040ef14       0x10 src/main.o
 .rodata.image_data_calibri_36_0x32
                0x0040ef24      0x7ce src/main.o
 *fill*         0x0040f6f2        0x2 
 .rodata.calibri_36_0x32
                0x0040f6f4       0x10 src/main.o
 .rodata.image_data_calibri_36_0x33
                0x0040f704      0x7ce src/main.o
 *fill*         0x0040fed2        0x2 
 .rodata.calibri_36_0x33
                0x0040fed4       0x10 src/main.o
 .rodata.image_data_calibri_36_0x34
                0x0040fee4      0x7ce src/main.o
 *fill*         0x004106b2        0x2 
 .rodata.calibri_36_0x34
                0x004106b4       0x10 src/main.o
 .rodata.image_data_calibri_36_0x35
                0x004106c4      0x7ce src/main.o
 *fill*         0x00410e92        0x2 
 .rodata.calibri_36_0x35
                0x00410e94       0x10 src/main.o
 .rodata.image_data_calibri_36_0x36
                0x00410ea4      0x7ce src/main.o
 *fill*         0x00411672        0x2 
 .rodata.calibri_36_0x36
                0x00411674       0x10 src/main.o
 .rodata.image_data_calibri_36_0x37
                0x00411684      0x7ce src/main.o
 *fill*         0x00411e52        0x2 
 .rodata.calibri_36_0x37
                0x00411e54       0x10 src/main.o
 .rodata.image_data_calibri_36_0x38
                0x00411e64      0x7ce src/main.o
 *fill*         0x00412632        0x2 
 .rodata.calibri_36_0x38
                0x00412634       0x10 src/main.o
 .rodata.image_data_calibri_36_0x39
                0x00412644      0x7ce src/main.o
 *fill*         0x00412e12        0x2 
 .rodata.calibri_36_0x39
                0x00412e14       0x10 src/main.o
 .rodata.image_data_calibri_36_0x3a
                0x00412e24      0x456 src/main.o
 *fill*         0x0041327a        0x2 
 .rodata.calibri_36_0x3a
                0x0041327c       0x10 src/main.o
 .rodata.image_data_calibri_36_0x3b
                0x0041328c      0x456 src/main.o
 *fill*         0x004136e2        0x2 
 .rodata.calibri_36_0x3b
                0x004136e4       0x10 src/main.o
 .rodata.image_data_calibri_36_0x3c
                0x004136f4      0x7ce src/main.o
 *fill*         0x00413ec2        0x2 
 .rodata.calibri_36_0x3c
                0x00413ec4       0x10 src/main.o
 .rodata.image_data_calibri_36_0x3d
                0x00413ed4      0x7ce src/main.o
 *fill*         0x004146a2        0x2 
 .rodata.calibri_36_0x3d
                0x004146a4       0x10 src/main.o
 .rodata.image_data_calibri_36_0x3e
                0x004146b4      0x7ce src/main.o
 *fill*         0x00414e82        0x2 
 .rodata.calibri_36_0x3e
                0x00414e84       0x10 src/main.o
 .rodata.image_data_calibri_36_0x3f
                0x00414e94      0x75f src/main.o
 *fill*         0x004155f3        0x1 
 .rodata.calibri_36_0x3f
                0x004155f4       0x10 src/main.o
 .rodata.image_data_calibri_36_0x40
                0x00415604      0xde0 src/main.o
 .rodata.calibri_36_0x40
                0x004163e4       0x10 src/main.o
 .rodata.image_data_calibri_36_0x41
                0x004163f4      0x91b src/main.o
 *fill*         0x00416d0f        0x1 
 .rodata.calibri_36_0x41
                0x00416d10       0x10 src/main.o
 .rodata.image_data_calibri_36_0x42
                0x00416d20      0x8ac src/main.o
 .rodata.calibri_36_0x42
                0x004175cc       0x10 src/main.o
 .rodata.image_data_calibri_36_0x43
                0x004175dc      0x83d src/main.o
 *fill*         0x00417e19        0x3 
 .rodata.calibri_36_0x43
                0x00417e1c       0x10 src/main.o
 .rodata.image_data_calibri_36_0x44
                0x00417e2c      0x98a src/main.o
 *fill*         0x004187b6        0x2 
 .rodata.calibri_36_0x44
                0x004187b8       0x10 src/main.o
 .rodata.image_data_calibri_36_0x45
                0x004187c8      0x7ce src/main.o
 *fill*         0x00418f96        0x2 
 .rodata.calibri_36_0x45
                0x00418f98       0x10 src/main.o
 .rodata.image_data_calibri_36_0x46
                0x00418fa8      0x75f src/main.o
 *fill*         0x00419707        0x1 
 .rodata.calibri_36_0x46
                0x00419708       0x10 src/main.o
 .rodata.image_data_calibri_36_0x47
                0x00419718      0x9f9 src/main.o
 *fill*         0x0041a111        0x3 
 .rodata.calibri_36_0x47
                0x0041a114       0x10 src/main.o
 .rodata.image_data_calibri_36_0x48
                0x0041a124      0x98a src/main.o
 *fill*         0x0041aaae        0x2 
 .rodata.calibri_36_0x48
                0x0041aab0       0x10 src/main.o
 .rodata.image_data_calibri_36_0x49
                0x0041aac0      0x3e7 src/main.o
 *fill*         0x0041aea7        0x1 
 .rodata.calibri_36_0x49
                0x0041aea8       0x10 src/main.o
 .rodata.image_data_calibri_36_0x4a
                0x0041aeb8      0x4c5 src/main.o
 *fill*         0x0041b37d        0x3 
 .rodata.calibri_36_0x4a
                0x0041b380       0x10 src/main.o
 .rodata.image_data_calibri_36_0x4b
                0x0041b390      0x83d src/main.o
 *fill*         0x0041bbcd        0x3 
 .rodata.calibri_36_0x4b
                0x0041bbd0       0x10 src/main.o
 .rodata.image_data_calibri_36_0x4c
                0x0041bbe0      0x681 src/main.o
 *fill*         0x0041c261        0x3 
 .rodata.calibri_36_0x4c
                0x0041c264       0x10 src/main.o
 .rodata.image_data_calibri_36_0x4d
                0x0041c274      0xd71 src/main.o
 *fill*         0x0041cfe5        0x3 
 .rodata.calibri_36_0x4d
                0x0041cfe8       0x10 src/main.o
 .rodata.image_data_calibri_36_0x4e
                0x0041cff8      0x9f9 src/main.o
 *fill*         0x0041d9f1        0x3 
 .rodata.calibri_36_0x4e
                0x0041d9f4       0x10 src/main.o
 .rodata.image_data_calibri_36_0x4f
                0x0041da04      0xa68 src/main.o
 .rodata.calibri_36_0x4f
                0x0041e46c       0x10 src/main.o
 .rodata.image_data_calibri_36_0x50
                0x0041e47c      0x83d src/main.o
 *fill*         0x0041ecb9        0x3 
 .rodata.calibri_36_0x50
                0x0041ecbc       0x10 src/main.o
 .rodata.image_data_calibri_36_0x51
                0x0041eccc      0xad7 src/main.o
 *fill*         0x0041f7a3        0x1 
 .rodata.calibri_36_0x51
                0x0041f7a4       0x10 src/main.o
 .rodata.image_data_calibri_36_0x52
                0x0041f7b4      0x8ac src/main.o
 .rodata.calibri_36_0x52
                0x00420060       0x10 src/main.o
 .rodata.image_data_calibri_36_0x53
                0x00420070      0x75f src/main.o
 *fill*         0x004207cf        0x1 
 .rodata.calibri_36_0x53
                0x004207d0       0x10 src/main.o
 .rodata.image_data_calibri_36_0x54
                0x004207e0      0x7ce src/main.o
 *fill*         0x00420fae        0x2 
 .rodata.calibri_36_0x54
                0x00420fb0       0x10 src/main.o
 .rodata.image_data_calibri_36_0x55
                0x00420fc0      0x9f9 src/main.o
 *fill*         0x004219b9        0x3 
 .rodata.calibri_36_0x55
                0x004219bc       0x10 src/main.o
 .rodata.image_data_calibri_36_0x56
                0x004219cc      0x8ac src/main.o
 .rodata.calibri_36_0x56
                0x00422278       0x10 src/main.o
 .rodata.image_data_calibri_36_0x57
                0x00422288      0xde0 src/main.o
 .rodata.calibri_36_0x57
                0x00423068       0x10 src/main.o
 .rodata.image_data_calibri_36_0x58
                0x00423078      0x83d src/main.o
 *fill*         0x004238b5        0x3 
 .rodata.calibri_36_0x58
                0x004238b8       0x10 src/main.o
 .rodata.image_data_calibri_36_0x59
                0x004238c8      0x7ce src/main.o
 *fill*         0x00424096        0x2 
 .rodata.calibri_36_0x59
                0x00424098       0x10 src/main.o
 .rodata.image_data_calibri_36_0x5a
                0x004240a8      0x75f src/main.o
 *fill*         0x00424807        0x1 
 .rodata.calibri_36_0x5a
                0x00424808       0x10 src/main.o
 .rodata.image_data_calibri_36_0x5b
                0x00424818      0x4c5 src/main.o
 *fill*         0x00424cdd        0x3 
 .rodata.calibri_36_0x5b
                0x00424ce0       0x10 src/main.o
 .rodata.image_data_calibri_36_0x5c
                0x00424cf0      0x612 src/main.o
 *fill*         0x00425302        0x2 
 .rodata.calibri_36_0x5c
                0x00425304       0x10 src/main.o
 .rodata.image_data_calibri_36_0x5d
                0x00425314      0x4c5 src/main.o
 *fill*         0x004257d9        0x3 
 .rodata.calibri_36_0x5d
                0x004257dc       0x10 src/main.o
 .rodata.image_data_calibri_36_0x5e
                0x004257ec      0x7ce src/main.o
 *fill*         0x00425fba        0x2 
 .rodata.calibri_36_0x5e
                0x00425fbc       0x10 src/main.o
 .rodata.image_data_calibri_36_0x5f
                0x00425fcc      0x7ce src/main.o
 *fill*         0x0042679a        0x2 
 .rodata.calibri_36_0x5f
                0x0042679c       0x10 src/main.o
 .rodata.image_data_calibri_36_0x60
                0x004267ac      0x456 src/main.o
 *fill*         0x00426c02        0x2 
 .rodata.calibri_36_0x60
                0x00426c04       0x10 src/main.o
 .rodata.image_data_calibri_36_0x61
                0x00426c14      0x75f src/main.o
 *fill*         0x00427373        0x1 
 .rodata.calibri_36_0x61
                0x00427374       0x10 src/main.o
 .rodata.image_data_calibri_36_0x62
                0x00427384      0x83d src/main.o
 *fill*         0x00427bc1        0x3 
 .rodata.calibri_36_0x62
                0x00427bc4       0x10 src/main.o
 .rodata.image_data_calibri_36_0x63
                0x00427bd4      0x681 src/main.o
 *fill*         0x00428255        0x3 
 .rodata.calibri_36_0x63
                0x00428258       0x10 src/main.o
 .rodata.image_data_calibri_36_0x64
                0x00428268      0x83d src/main.o
 *fill*         0x00428aa5        0x3 
 .rodata.calibri_36_0x64
                0x00428aa8       0x10 src/main.o
 .rodata.image_data_calibri_36_0x65
                0x00428ab8      0x7ce src/main.o
 *fill*         0x00429286        0x2 
 .rodata.calibri_36_0x65
                0x00429288       0x10 src/main.o
 .rodata.image_data_calibri_36_0x66
                0x00429298      0x4c5 src/main.o
 *fill*         0x0042975d        0x3 
 .rodata.calibri_36_0x66
                0x00429760       0x10 src/main.o
 .rodata.image_data_calibri_36_0x67
                0x00429770      0x75f src/main.o
 *fill*         0x00429ecf        0x1 
 .rodata.calibri_36_0x67
                0x00429ed0       0x10 src/main.o
 .rodata.image_data_calibri_36_0x68
                0x00429ee0      0x83d src/main.o
 *fill*         0x0042a71d        0x3 
 .rodata.calibri_36_0x68
                0x0042a720       0x10 src/main.o
 .rodata.image_data_calibri_36_0x69
                0x0042a730      0x378 src/main.o
 .rodata.calibri_36_0x69
                0x0042aaa8       0x10 src/main.o
 .rodata.image_data_calibri_36_0x6a
                0x0042aab8      0x3e7 src/main.o
 *fill*         0x0042ae9f        0x1 
 .rodata.calibri_36_0x6a
                0x0042aea0       0x10 src/main.o
 .rodata.image_data_calibri_36_0x6b
                0x0042aeb0      0x6f0 src/main.o
 .rodata.calibri_36_0x6b
                0x0042b5a0       0x10 src/main.o
 .rodata.image_data_calibri_36_0x6c
                0x0042b5b0      0x378 src/main.o
 .rodata.calibri_36_0x6c
                0x0042b928       0x10 src/main.o
 .rodata.image_data_calibri_36_0x6d
                0x0042b938      0xc93 src/main.o
 *fill*         0x0042c5cb        0x1 
 .rodata.calibri_36_0x6d
                0x0042c5cc       0x10 src/main.o
 .rodata.image_data_calibri_36_0x6e
                0x0042c5dc      0x83d src/main.o
 *fill*         0x0042ce19        0x3 
 .rodata.calibri_36_0x6e
                0x0042ce1c       0x10 src/main.o
 .rodata.image_data_calibri_36_0x6f
                0x0042ce2c      0x83d src/main.o
 *fill*         0x0042d669        0x3 
 .rodata.calibri_36_0x6f
                0x0042d66c       0x10 src/main.o
 .rodata.image_data_calibri_36_0x70
                0x0042d67c      0x83d src/main.o
 *fill*         0x0042deb9        0x3 
 .rodata.calibri_36_0x70
                0x0042debc       0x10 src/main.o
 .rodata.image_data_calibri_36_0x71
                0x0042decc      0x83d src/main.o
 *fill*         0x0042e709        0x3 
 .rodata.calibri_36_0x71
                0x0042e70c       0x10 src/main.o
 .rodata.image_data_calibri_36_0x72
                0x0042e71c      0x5a3 src/main.o
 *fill*         0x0042ecbf        0x1 
 .rodata.calibri_36_0x72
                0x0042ecc0       0x10 src/main.o
 .rodata.image_data_calibri_36_0x73
                0x0042ecd0      0x612 src/main.o
 *fill*         0x0042f2e2        0x2 
 .rodata.calibri_36_0x73
                0x0042f2e4       0x10 src/main.o
 .rodata.image_data_calibri_36_0x74
                0x0042f2f4      0x534 src/main.o
 .rodata.calibri_36_0x74
                0x0042f828       0x10 src/main.o
 .rodata.image_data_calibri_36_0x75
                0x0042f838      0x83d src/main.o
 *fill*         0x00430075        0x3 
 .rodata.calibri_36_0x75
                0x00430078       0x10 src/main.o
 .rodata.image_data_calibri_36_0x76
                0x00430088      0x6f0 src/main.o
 .rodata.calibri_36_0x76
                0x00430778       0x10 src/main.o
 .rodata.image_data_calibri_36_0x77
                0x00430788      0xb46 src/main.o
 *fill*         0x004312ce        0x2 
 .rodata.calibri_36_0x77
                0x004312d0       0x10 src/main.o
 .rodata.image_data_calibri_36_0x78
                0x004312e0      0x6f0 src/main.o
 .rodata.calibri_36_0x78
                0x004319d0       0x10 src/main.o
 .rodata.image_data_calibri_36_0x79
                0x004319e0      0x6f0 src/main.o
 .rodata.calibri_36_0x79
                0x004320d0       0x10 src/main.o
 .rodata.image_data_calibri_36_0x7a
                0x004320e0      0x612 src/main.o
 *fill*         0x004326f2        0x2 
 .rodata.calibri_36_0x7a
                0x004326f4       0x10 src/main.o
 .rodata.image_data_calibri_36_0x7b
                0x00432704      0x4c5 src/main.o
 *fill*         0x00432bc9        0x3 
 .rodata.calibri_36_0x7b
                0x00432bcc       0x10 src/main.o
 .rodata.image_data_calibri_36_0x7c
                0x00432bdc      0x75f src/main.o
 *fill*         0x0043333b        0x1 
 .rodata.calibri_36_0x7c
                0x0043333c       0x10 src/main.o
 .rodata.image_data_calibri_36_0x7d
                0x0043334c      0x4c5 src/main.o
 *fill*         0x00433811        0x3 
 .rodata.calibri_36_0x7d
                0x00433814       0x10 src/main.o
 .rodata.image_data_calibri_36_0x7e
                0x00433824      0x7ce src/main.o
 *fill*         0x00433ff2        0x2 
 .rodata.calibri_36_0x7e
                0x00433ff4       0x10 src/main.o
 .rodata.calibri_36_array
                0x00434004      0x2f8 src/main.o
 .rodata.calibri_36
                0x004342fc        0xc src/main.o
                0x004342fc                calibri_36
 .rodata        0x00434308       0x48 src/main.o
 .rodata._global_impure_ptr
                0x00434350        0x4 c:/program files (x86)/atmel/studio/7.0/toolchain/arm/arm-gnu-toolchain/bin/../lib/gcc/arm-none-eabi/6.3.1/../../../../arm-none-eabi/lib/thumb/v7e-m\libc.a(lib_a-impure.o)
                0x00434350                _global_impure_ptr
 .rodata._svfprintf_r.str1.4
                0x00434354       0x42 c:/program files (x86)/atmel/studio/7.0/toolchain/arm/arm-gnu-toolchain/bin/../lib/gcc/arm-none-eabi/6.3.1/../../../../arm-none-eabi/lib/thumb/v7e-m\libc.a(lib_a-svfprintf.o)
 *fill*         0x00434396        0x2 
 .rodata.blanks.7223
                0x00434398       0x10 c:/program files (x86)/atmel/studio/7.0/toolchain/arm/arm-gnu-toolchain/bin/../lib/gcc/arm-none-eabi/6.3.1/../../../../arm-none-eabi/lib/thumb/v7e-m\libc.a(lib_a-svfprintf.o)
 .rodata.zeroes.7224
                0x004343a8       0x10 c:/program files (x86)/atmel/studio/7.0/toolchain/arm/arm-gnu-toolchain/bin/../lib/gcc/arm-none-eabi/6.3.1/../../../../arm-none-eabi/lib/thumb/v7e-m\libc.a(lib_a-svfprintf.o)
 .rodata._dtoa_r.str1.4
                0x004343b8       0x10 c:/program files (x86)/atmel/studio/7.0/toolchain/arm/arm-gnu-toolchain/bin/../lib/gcc/arm-none-eabi/6.3.1/../../../../arm-none-eabi/lib/thumb/v7e-m\libc.a(lib_a-dtoa.o)
                                 0x12 (size before relaxing)
 .rodata.__mprec_bigtens
                0x004343c8       0x28 c:/program files (x86)/atmel/studio/7.0/toolchain/arm/arm-gnu-toolchain/bin/../lib/gcc/arm-none-eabi/6.3.1/../../../../arm-none-eabi/lib/thumb/v7e-m\libc.a(lib_a-mprec.o)
                0x004343c8                __mprec_bigtens
 .rodata.__mprec_tens
                0x004343f0       0xc8 c:/program files (x86)/atmel/studio/7.0/toolchain/arm/arm-gnu-toolchain/bin/../lib/gcc/arm-none-eabi/6.3.1/../../../../arm-none-eabi/lib/thumb/v7e-m\libc.a(lib_a-mprec.o)
                0x004343f0                __mprec_tens
 .rodata.p05.6055
                0x004344b8        0xc c:/program files (x86)/atmel/studio/7.0/toolchain/arm/arm-gnu-toolchain/bin/../lib/gcc/arm-none-eabi/6.3.1/../../../../arm-none-eabi/lib/thumb/v7e-m\libc.a(lib_a-mprec.o)
 .rodata._setlocale_r.str1.4
                0x004344c4        0xa c:/program files (x86)/atmel/studio/7.0/toolchain/arm/arm-gnu-toolchain/bin/../lib/gcc/arm-none-eabi/6.3.1/../../../../arm-none-eabi/lib/thumb/v7e-m\libc.a(lib_a-locale.o)
                                  0xd (size before relaxing)
 *fill*         0x004344ce        0x2 
 .rodata.str1.4
                0x004344d0        0x4 c:/program files (x86)/atmel/studio/7.0/toolchain/arm/arm-gnu-toolchain/bin/../lib/gcc/arm-none-eabi/6.3.1/../../../../arm-none-eabi/lib/thumb/v7e-m\libc.a(lib_a-locale.o)
                                  0x2 (size before relaxing)
 .rodata._ctype_
                0x004344d4      0x101 c:/program files (x86)/atmel/studio/7.0/toolchain/arm/arm-gnu-toolchain/bin/../lib/gcc/arm-none-eabi/6.3.1/../../../../arm-none-eabi/lib/thumb/v7e-m\libc.a(lib_a-ctype_.o)
                0x004344d4                _ctype_
 *(.ARM.extab* .gnu.linkonce.armextab.*)
                0x004345d8                . = ALIGN (0x4)
 *fill*         0x004345d5        0x3 
 *(.init)
 .init          0x004345d8        0x4 c:/program files (x86)/atmel/studio/7.0/toolchain/arm/arm-gnu-toolchain/bin/../lib/gcc/arm-none-eabi/6.3.1/thumb/v7e-m/crti.o
                0x004345d8                _init
 .init          0x004345dc        0x8 c:/program files (x86)/atmel/studio/7.0/toolchain/arm/arm-gnu-toolchain/bin/../lib/gcc/arm-none-eabi/6.3.1/thumb/v7e-m/crtn.o
                0x004345e4                . = ALIGN (0x4)
                0x004345e4                __preinit_array_start = .
 *(.preinit_array)
                0x004345e4                __preinit_array_end = .
                0x004345e4                . = ALIGN (0x4)
                0x004345e4                __init_array_start = .
 *(SORT(.init_array.*))
 .init_array.00000
                0x004345e4        0x4 c:/program files (x86)/atmel/studio/7.0/toolchain/arm/arm-gnu-toolchain/bin/../lib/gcc/arm-none-eabi/6.3.1/../../../../arm-none-eabi/lib/thumb/v7e-m\libc.a(lib_a-__call_atexit.o)
 *(.init_array)
 .init_array    0x004345e8        0x4 c:/program files (x86)/atmel/studio/7.0/toolchain/arm/arm-gnu-toolchain/bin/../lib/gcc/arm-none-eabi/6.3.1/thumb/v7e-m/crtbegin.o
                0x004345ec                __init_array_end = .
                0x004345ec                . = ALIGN (0x4)
 *crtbegin.o(.ctors)
 *(EXCLUDE_FILE(*crtend.o) .ctors)
 *(SORT(.ctors.*))
 *crtend.o(.ctors)
                0x004345ec                . = ALIGN (0x4)
 *(.fini)
 .fini          0x004345ec        0x4 c:/program files (x86)/atmel/studio/7.0/toolchain/arm/arm-gnu-toolchain/bin/../lib/gcc/arm-none-eabi/6.3.1/thumb/v7e-m/crti.o
                0x004345ec                _fini
 .fini          0x004345f0        0x8 c:/program files (x86)/atmel/studio/7.0/toolchain/arm/arm-gnu-toolchain/bin/../lib/gcc/arm-none-eabi/6.3.1/thumb/v7e-m/crtn.o
                0x004345f8                . = ALIGN (0x4)
                0x004345f8                __fini_array_start = .
 *(.fini_array)
 .fini_array    0x004345f8        0x4 c:/program files (x86)/atmel/studio/7.0/toolchain/arm/arm-gnu-toolchain/bin/../lib/gcc/arm-none-eabi/6.3.1/thumb/v7e-m/crtbegin.o
 *(SORT(.fini_array.*))
                0x004345fc                __fini_array_end = .
 *crtbegin.o(.dtors)
 *(EXCLUDE_FILE(*crtend.o) .dtors)
 *(SORT(.dtors.*))
 *crtend.o(.dtors)
                0x004345fc                . = ALIGN (0x4)
                0x004345fc                _efixed = .
                [!provide]                PROVIDE (__exidx_start, .)

.vfp11_veneer   0x004345fc        0x0
 .vfp11_veneer  0x004345fc        0x0 linker stubs

.v4_bx          0x004345fc        0x0
 .v4_bx         0x004345fc        0x0 linker stubs

.iplt           0x004345fc        0x0
 .iplt          0x004345fc        0x0 c:/program files (x86)/atmel/studio/7.0/toolchain/arm/arm-gnu-toolchain/bin/../lib/gcc/arm-none-eabi/6.3.1/thumb/v7e-m/crtbegin.o

.ARM.exidx      0x004345fc        0x8
 *(.ARM.exidx* .gnu.linkonce.armexidx.*)
 .ARM.exidx     0x004345fc        0x8 c:/program files (x86)/atmel/studio/7.0/toolchain/arm/arm-gnu-toolchain/bin/../lib/gcc/arm-none-eabi/6.3.1/thumb/v7e-m\libgcc.a(_udivmoddi4.o)
                [!provide]                PROVIDE (__exidx_end, .)

.eh_frame       0x00434604        0x0
 .eh_frame      0x00434604        0x0 c:/program files (x86)/atmel/studio/7.0/toolchain/arm/arm-gnu-toolchain/bin/../lib/gcc/arm-none-eabi/6.3.1/thumb/v7e-m/crtbegin.o

.rel.dyn        0x00434604        0x0
 .rel.iplt      0x00434604        0x0 c:/program files (x86)/atmel/studio/7.0/toolchain/arm/arm-gnu-toolchain/bin/../lib/gcc/arm-none-eabi/6.3.1/thumb/v7e-m/crtbegin.o

.jcr            0x00434604        0x0
 .jcr           0x00434604        0x0 c:/program files (x86)/atmel/studio/7.0/toolchain/arm/arm-gnu-toolchain/bin/../lib/gcc/arm-none-eabi/6.3.1/thumb/v7e-m/crtbegin.o

.igot.plt       0x00434604        0x0
 .igot.plt      0x00434604        0x0 c:/program files (x86)/atmel/studio/7.0/toolchain/arm/arm-gnu-toolchain/bin/../lib/gcc/arm-none-eabi/6.3.1/thumb/v7e-m/crtbegin.o
                0x00434604                . = ALIGN (0x4)
                0x00434604                _etext = .

.relocate       0x20400000      0x9b8 load address 0x00434604
                0x20400000                . = ALIGN (0x4)
                0x20400000                _srelocate = .
 *(.ramfunc .ramfunc.*)
 *(.data .data.*)
 .data.g_interrupt_enabled
                0x20400000        0x1 src/ASF/common/utils/interrupt/interrupt_sam_nvic.o
                0x20400000                g_interrupt_enabled
 *fill*         0x20400001        0x3 
 .data.SystemCoreClock
                0x20400004        0x4 src/ASF/sam/utils/cmsis/same70/source/templates/system_same70.o
                0x20400004                SystemCoreClock
 .data._impure_ptr
                0x20400008        0x4 c:/program files (x86)/atmel/studio/7.0/toolchain/arm/arm-gnu-toolchain/bin/../lib/gcc/arm-none-eabi/6.3.1/../../../../arm-none-eabi/lib/thumb/v7e-m\libc.a(lib_a-impure.o)
                0x20400008                _impure_ptr
 *fill*         0x2040000c        0x4 
 .data.impure_data
                0x20400010      0x428 c:/program files (x86)/atmel/studio/7.0/toolchain/arm/arm-gnu-toolchain/bin/../lib/gcc/arm-none-eabi/6.3.1/../../../../arm-none-eabi/lib/thumb/v7e-m\libc.a(lib_a-impure.o)
 .data.__atexit_recursive_mutex
                0x20400438        0x4 c:/program files (x86)/atmel/studio/7.0/toolchain/arm/arm-gnu-toolchain/bin/../lib/gcc/arm-none-eabi/6.3.1/../../../../arm-none-eabi/lib/thumb/v7e-m\libc.a(lib_a-__call_atexit.o)
                0x20400438                __atexit_recursive_mutex
 .data.__malloc_av_
                0x2040043c      0x408 c:/program files (x86)/atmel/studio/7.0/toolchain/arm/arm-gnu-toolchain/bin/../lib/gcc/arm-none-eabi/6.3.1/../../../../arm-none-eabi/lib/thumb/v7e-m\libc.a(lib_a-mallocr.o)
                0x2040043c                __malloc_av_
 .data.__malloc_sbrk_base
                0x20400844        0x4 c:/program files (x86)/atmel/studio/7.0/toolchain/arm/arm-gnu-toolchain/bin/../lib/gcc/arm-none-eabi/6.3.1/../../../../arm-none-eabi/lib/thumb/v7e-m\libc.a(lib_a-mallocr.o)
                0x20400844                __malloc_sbrk_base
 .data.__malloc_trim_threshold
                0x20400848        0x4 c:/program files (x86)/atmel/studio/7.0/toolchain/arm/arm-gnu-toolchain/bin/../lib/gcc/arm-none-eabi/6.3.1/../../../../arm-none-eabi/lib/thumb/v7e-m\libc.a(lib_a-mallocr.o)
                0x20400848                __malloc_trim_threshold
 .data.__global_locale
                0x2040084c      0x16c c:/program files (x86)/atmel/studio/7.0/toolchain/arm/arm-gnu-toolchain/bin/../lib/gcc/arm-none-eabi/6.3.1/../../../../arm-none-eabi/lib/thumb/v7e-m\libc.a(lib_a-locale.o)
                0x2040084c                __global_locale
                0x204009b8                . = ALIGN (0x4)
                0x204009b8                _erelocate = .

.bss            0x204009b8      0x4d4 load address 0x00434fbc
                0x204009b8                . = ALIGN (0x4)
                0x204009b8                _sbss = .
                0x204009b8                _szero = .
 *(.bss .bss.*)
 .bss           0x204009b8       0x1c c:/program files (x86)/atmel/studio/7.0/toolchain/arm/arm-gnu-toolchain/bin/../lib/gcc/arm-none-eabi/6.3.1/thumb/v7e-m/crtbegin.o
 .bss.g_wobits_in_rtt_mr
                0x204009d4        0x4 src/ASF/sam/drivers/rtt/rtt.o
 .bss.f_rtt_alarme
                0x204009d8        0x1 src/main.o
                0x204009d8                f_rtt_alarme
 *fill*         0x204009d9        0x3 
 .bss.tempo     0x204009dc        0x4 src/main.o
                0x204009dc                tempo
 .bss.distancia
                0x204009e0        0x4 src/main.o
                0x204009e0                distancia
 .bss.g_ul_pixel_cache
                0x204009e4      0x3c0 src/ASF/sam/components/display/ili9488/ili9488.o
 .bss.gs_interrupt_sources
                0x20400da4       0x70 src/ASF/sam/drivers/pio/pio_handler.o
 .bss.gs_ul_nb_sources
                0x20400e14        0x4 src/ASF/sam/drivers/pio/pio_handler.o
 .bss.heap.6420
                0x20400e18        0x4 src/ASF/sam/utils/syscalls/gcc/syscalls.o
 .bss.__malloc_current_mallinfo
                0x20400e1c       0x28 c:/program files (x86)/atmel/studio/7.0/toolchain/arm/arm-gnu-toolchain/bin/../lib/gcc/arm-none-eabi/6.3.1/../../../../arm-none-eabi/lib/thumb/v7e-m\libc.a(lib_a-mallocr.o)
                0x20400e1c                __malloc_current_mallinfo
 .bss.__malloc_max_sbrked_mem
                0x20400e44        0x4 c:/program files (x86)/atmel/studio/7.0/toolchain/arm/arm-gnu-toolchain/bin/../lib/gcc/arm-none-eabi/6.3.1/../../../../arm-none-eabi/lib/thumb/v7e-m\libc.a(lib_a-mallocr.o)
                0x20400e44                __malloc_max_sbrked_mem
 .bss.__malloc_max_total_mem
                0x20400e48        0x4 c:/program files (x86)/atmel/studio/7.0/toolchain/arm/arm-gnu-toolchain/bin/../lib/gcc/arm-none-eabi/6.3.1/../../../../arm-none-eabi/lib/thumb/v7e-m\libc.a(lib_a-mallocr.o)
                0x20400e48                __malloc_max_total_mem
 .bss.__malloc_top_pad
                0x20400e4c        0x4 c:/program files (x86)/atmel/studio/7.0/toolchain/arm/arm-gnu-toolchain/bin/../lib/gcc/arm-none-eabi/6.3.1/../../../../arm-none-eabi/lib/thumb/v7e-m\libc.a(lib_a-mallocr.o)
                0x20400e4c                __malloc_top_pad
 *(COMMON)
 COMMON         0x20400e50       0x14 src/main.o
                0x20400e50                flag_do_btn
                0x20400e54                g_ili9488_display_opt
 COMMON         0x20400e64       0x21 c:/program files (x86)/atmel/studio/7.0/toolchain/arm/arm-gnu-toolchain/bin/../lib/gcc/arm-none-eabi/6.3.1/../../../../arm-none-eabi/lib/thumb/v7e-m\libc.a(lib_a-lock.o)
                0x20400e64                __lock___atexit_recursive_mutex
                0x20400e68                __lock___arc4random_mutex
                0x20400e6c                __lock___env_recursive_mutex
                0x20400e70                __lock___sinit_recursive_mutex
                0x20400e74                __lock___malloc_recursive_mutex
                0x20400e78                __lock___at_quick_exit_mutex
                0x20400e7c                __lock___dd_hash_mutex
                0x20400e80                __lock___tz_mutex
                0x20400e84                __lock___sfp_recursive_mutex
 *fill*         0x20400e85        0x3 
 COMMON         0x20400e88        0x4 c:/program files (x86)/atmel/studio/7.0/toolchain/arm/arm-gnu-toolchain/bin/../lib/gcc/arm-none-eabi/6.3.1/../../../../arm-none-eabi/lib/thumb/v7e-m\libc.a(lib_a-reent.o)
                0x20400e88                errno
                0x20400e8c                . = ALIGN (0x4)
                0x20400e8c                _ebss = .
                0x20400e8c                _ezero = .

.stack          0x20400e8c     0x2004 load address 0x00435490
                0x20400e90                . = ALIGN (0x8)
 *fill*         0x20400e8c        0x4 
                0x20400e90                _sstack = .
                0x20402e90                . = (. + STACK_SIZE)
 *fill*         0x20400e90     0x2000 
                0x20402e90                . = ALIGN (0x8)
                0x20402e90                _estack = .

.heap           0x20402e90      0x200 load address 0x00437494
                0x20402e90                . = ALIGN (0x8)
                0x20402e90                _sheap = .
                0x20403090                . = (. + HEAP_SIZE)
 *fill*         0x20402e90      0x200 
                0x20403090                . = ALIGN (0x8)
                0x20403090                _eheap = .
                0x20403090                . = ALIGN (0x4)
                0x20403090                _end = .
                0x2045ffff                _ram_end_ = ((ORIGIN (ram) + LENGTH (ram)) - 0x1)
OUTPUT(SAME70_FONTS.elf elf32-littlearm)

.ARM.attributes
                0x00000000       0x2e
 .ARM.attributes
                0x00000000       0x1e c:/program files (x86)/atmel/studio/7.0/toolchain/arm/arm-gnu-toolchain/bin/../lib/gcc/arm-none-eabi/6.3.1/thumb/v7e-m/crti.o
 .ARM.attributes
                0x0000001e       0x2e c:/program files (x86)/atmel/studio/7.0/toolchain/arm/arm-gnu-toolchain/bin/../lib/gcc/arm-none-eabi/6.3.1/thumb/v7e-m/crtbegin.o
 .ARM.attributes
                0x0000004c       0x37 src/ASF/sam/drivers/rtt/rtt.o
 .ARM.attributes
                0x00000083       0x37 src/main.o
 .ARM.attributes
                0x000000ba       0x37 src/ASF/common/services/spi/sam_spi/spi_master.o
 .ARM.attributes
                0x000000f1       0x37 src/ASF/sam/components/display/ili9488/ili9488.o
 .ARM.attributes
                0x00000128       0x37 src/ASF/sam/drivers/spi/spi.o
 .ARM.attributes
                0x0000015f       0x37 src/ASF/common/services/clock/same70/sysclk.o
 .ARM.attributes
                0x00000196       0x37 src/ASF/common/utils/interrupt/interrupt_sam_nvic.o
 .ARM.attributes
                0x000001cd       0x37 src/ASF/sam/boards/same70_xplained/init.o
 .ARM.attributes
                0x00000204       0x37 src/ASF/sam/drivers/pio/pio.o
 .ARM.attributes
                0x0000023b       0x37 src/ASF/sam/drivers/pio/pio_handler.o
 .ARM.attributes
                0x00000272       0x37 src/ASF/sam/drivers/pmc/pmc.o
 .ARM.attributes
                0x000002a9       0x37 src/ASF/sam/utils/cmsis/same70/source/templates/gcc/startup_same70.o
 .ARM.attributes
                0x000002e0       0x37 src/ASF/sam/utils/cmsis/same70/source/templates/system_same70.o
 .ARM.attributes
                0x00000317       0x37 src/ASF/sam/utils/syscalls/gcc/syscalls.o
 .ARM.attributes
                0x0000034e       0x1e c:/program files (x86)/atmel/studio/7.0/toolchain/arm/arm-gnu-toolchain/bin/../lib/gcc/arm-none-eabi/6.3.1/thumb/v7e-m\libgcc.a(_arm_addsubdf3.o)
 .ARM.attributes
                0x0000036c       0x1e c:/program files (x86)/atmel/studio/7.0/toolchain/arm/arm-gnu-toolchain/bin/../lib/gcc/arm-none-eabi/6.3.1/thumb/v7e-m\libgcc.a(_arm_muldivdf3.o)
 .ARM.attributes
                0x0000038a       0x1e c:/program files (x86)/atmel/studio/7.0/toolchain/arm/arm-gnu-toolchain/bin/../lib/gcc/arm-none-eabi/6.3.1/thumb/v7e-m\libgcc.a(_arm_fixdfsi.o)
 .ARM.attributes
                0x000003a8       0x2e c:/program files (x86)/atmel/studio/7.0/toolchain/arm/arm-gnu-toolchain/bin/../lib/gcc/arm-none-eabi/6.3.1/../../../../arm-none-eabi/lib/thumb/v7e-m\libc.a(lib_a-impure.o)
 .ARM.attributes
                0x000003d6       0x2e c:/program files (x86)/atmel/studio/7.0/toolchain/arm/arm-gnu-toolchain/bin/../lib/gcc/arm-none-eabi/6.3.1/../../../../arm-none-eabi/lib/thumb/v7e-m\libc.a(lib_a-init.o)
 .ARM.attributes
                0x00000404       0x2e c:/program files (x86)/atmel/studio/7.0/toolchain/arm/arm-gnu-toolchain/bin/../lib/gcc/arm-none-eabi/6.3.1/../../../../arm-none-eabi/lib/thumb/v7e-m\libc.a(lib_a-memset.o)
 .ARM.attributes
                0x00000432       0x2e c:/program files (x86)/atmel/studio/7.0/toolchain/arm/arm-gnu-toolchain/bin/../lib/gcc/arm-none-eabi/6.3.1/../../../../arm-none-eabi/lib/thumb/v7e-m\libc.a(lib_a-sprintf.o)
 .ARM.attributes
                0x00000460       0x2e c:/program files (x86)/atmel/studio/7.0/toolchain/arm/arm-gnu-toolchain/bin/../lib/gcc/arm-none-eabi/6.3.1/../../../../arm-none-eabi/lib/thumb/v7e-m\libc.a(lib_a-svfprintf.o)
 .ARM.attributes
                0x0000048e       0x2e c:/program files (x86)/atmel/studio/7.0/toolchain/arm/arm-gnu-toolchain/bin/../lib/gcc/arm-none-eabi/6.3.1/../../../../arm-none-eabi/lib/thumb/v7e-m\libc.a(lib_a-__call_atexit.o)
 .ARM.attributes
                0x000004bc       0x2e c:/program files (x86)/atmel/studio/7.0/toolchain/arm/arm-gnu-toolchain/bin/../lib/gcc/arm-none-eabi/6.3.1/../../../../arm-none-eabi/lib/thumb/v7e-m\libc.a(lib_a-atexit.o)
 .ARM.attributes
                0x000004ea       0x2e c:/program files (x86)/atmel/studio/7.0/toolchain/arm/arm-gnu-toolchain/bin/../lib/gcc/arm-none-eabi/6.3.1/../../../../arm-none-eabi/lib/thumb/v7e-m\libc.a(lib_a-dtoa.o)
 .ARM.attributes
                0x00000518       0x2e c:/program files (x86)/atmel/studio/7.0/toolchain/arm/arm-gnu-toolchain/bin/../lib/gcc/arm-none-eabi/6.3.1/../../../../arm-none-eabi/lib/thumb/v7e-m\libc.a(lib_a-fini.o)
 .ARM.attributes
                0x00000546       0x2e c:/program files (x86)/atmel/studio/7.0/toolchain/arm/arm-gnu-toolchain/bin/../lib/gcc/arm-none-eabi/6.3.1/../../../../arm-none-eabi/lib/thumb/v7e-m\libc.a(lib_a-localeconv.o)
 .ARM.attributes
                0x00000574       0x2e c:/program files (x86)/atmel/studio/7.0/toolchain/arm/arm-gnu-toolchain/bin/../lib/gcc/arm-none-eabi/6.3.1/../../../../arm-none-eabi/lib/thumb/v7e-m\libc.a(lib_a-lock.o)
 .ARM.attributes
                0x000005a2       0x2e c:/program files (x86)/atmel/studio/7.0/toolchain/arm/arm-gnu-toolchain/bin/../lib/gcc/arm-none-eabi/6.3.1/../../../../arm-none-eabi/lib/thumb/v7e-m\libc.a(lib_a-mallocr.o)
 .ARM.attributes
                0x000005d0       0x1c c:/program files (x86)/atmel/studio/7.0/toolchain/arm/arm-gnu-toolchain/bin/../lib/gcc/arm-none-eabi/6.3.1/../../../../arm-none-eabi/lib/thumb/v7e-m\libc.a(lib_a-memchr.o)
 .ARM.attributes
                0x000005ec       0x1c c:/program files (x86)/atmel/studio/7.0/toolchain/arm/arm-gnu-toolchain/bin/../lib/gcc/arm-none-eabi/6.3.1/../../../../arm-none-eabi/lib/thumb/v7e-m\libc.a(lib_a-memcpy.o)
 .ARM.attributes
                0x00000608       0x2e c:/program files (x86)/atmel/studio/7.0/toolchain/arm/arm-gnu-toolchain/bin/../lib/gcc/arm-none-eabi/6.3.1/../../../../arm-none-eabi/lib/thumb/v7e-m\libc.a(lib_a-mlock.o)
 .ARM.attributes
                0x00000636       0x2e c:/program files (x86)/atmel/studio/7.0/toolchain/arm/arm-gnu-toolchain/bin/../lib/gcc/arm-none-eabi/6.3.1/../../../../arm-none-eabi/lib/thumb/v7e-m\libc.a(lib_a-mprec.o)
 .ARM.attributes
                0x00000664       0x2e c:/program files (x86)/atmel/studio/7.0/toolchain/arm/arm-gnu-toolchain/bin/../lib/gcc/arm-none-eabi/6.3.1/../../../../arm-none-eabi/lib/thumb/v7e-m\libc.a(lib_a-sbrkr.o)
 .ARM.attributes
                0x00000692       0x1c c:/program files (x86)/atmel/studio/7.0/toolchain/arm/arm-gnu-toolchain/bin/../lib/gcc/arm-none-eabi/6.3.1/../../../../arm-none-eabi/lib/thumb/v7e-m\libc.a(lib_a-strlen.o)
 .ARM.attributes
                0x000006ae       0x2e c:/program files (x86)/atmel/studio/7.0/toolchain/arm/arm-gnu-toolchain/bin/../lib/gcc/arm-none-eabi/6.3.1/../../../../arm-none-eabi/lib/thumb/v7e-m\libc.a(lib_a-svfiprintf.o)
 .ARM.attributes
                0x000006dc       0x2e c:/program files (x86)/atmel/studio/7.0/toolchain/arm/arm-gnu-toolchain/bin/../lib/gcc/arm-none-eabi/6.3.1/../../../../arm-none-eabi/lib/thumb/v7e-m\libc.a(lib_a-__atexit.o)
 .ARM.attributes
                0x0000070a       0x2e c:/program files (x86)/atmel/studio/7.0/toolchain/arm/arm-gnu-toolchain/bin/../lib/gcc/arm-none-eabi/6.3.1/../../../../arm-none-eabi/lib/thumb/v7e-m\libc.a(lib_a-callocr.o)
 .ARM.attributes
                0x00000738       0x2e c:/program files (x86)/atmel/studio/7.0/toolchain/arm/arm-gnu-toolchain/bin/../lib/gcc/arm-none-eabi/6.3.1/../../../../arm-none-eabi/lib/thumb/v7e-m\libc.a(lib_a-freer.o)
 .ARM.attributes
                0x00000766       0x2e c:/program files (x86)/atmel/studio/7.0/toolchain/arm/arm-gnu-toolchain/bin/../lib/gcc/arm-none-eabi/6.3.1/../../../../arm-none-eabi/lib/thumb/v7e-m\libc.a(lib_a-locale.o)
 .ARM.attributes
                0x00000794       0x2e c:/program files (x86)/atmel/studio/7.0/toolchain/arm/arm-gnu-toolchain/bin/../lib/gcc/arm-none-eabi/6.3.1/../../../../arm-none-eabi/lib/thumb/v7e-m\libc.a(lib_a-mbtowc_r.o)
 .ARM.attributes
                0x000007c2       0x2e c:/program files (x86)/atmel/studio/7.0/toolchain/arm/arm-gnu-toolchain/bin/../lib/gcc/arm-none-eabi/6.3.1/../../../../arm-none-eabi/lib/thumb/v7e-m\libc.a(lib_a-memmove.o)
 .ARM.attributes
                0x000007f0       0x2e c:/program files (x86)/atmel/studio/7.0/toolchain/arm/arm-gnu-toolchain/bin/../lib/gcc/arm-none-eabi/6.3.1/../../../../arm-none-eabi/lib/thumb/v7e-m\libc.a(lib_a-reallocr.o)
 .ARM.attributes
                0x0000081e       0x2e c:/program files (x86)/atmel/studio/7.0/toolchain/arm/arm-gnu-toolchain/bin/../lib/gcc/arm-none-eabi/6.3.1/../../../../arm-none-eabi/lib/thumb/v7e-m\libc.a(lib_a-reent.o)
 .ARM.attributes
                0x0000084c       0x2e c:/program files (x86)/atmel/studio/7.0/toolchain/arm/arm-gnu-toolchain/bin/../lib/gcc/arm-none-eabi/6.3.1/../../../../arm-none-eabi/lib/thumb/v7e-m\libc.a(lib_a-wctomb_r.o)
 .ARM.attributes
                0x0000087a       0x2e c:/program files (x86)/atmel/studio/7.0/toolchain/arm/arm-gnu-toolchain/bin/../lib/gcc/arm-none-eabi/6.3.1/../../../../arm-none-eabi/lib/thumb/v7e-m\libc.a(lib_a-ctype_.o)
 .ARM.attributes
                0x000008a8       0x1e c:/program files (x86)/atmel/studio/7.0/toolchain/arm/arm-gnu-toolchain/bin/../lib/gcc/arm-none-eabi/6.3.1/thumb/v7e-m\libgcc.a(_arm_cmpdf2.o)
 .ARM.attributes
                0x000008c6       0x1e c:/program files (x86)/atmel/studio/7.0/toolchain/arm/arm-gnu-toolchain/bin/../lib/gcc/arm-none-eabi/6.3.1/thumb/v7e-m\libgcc.a(_arm_unorddf2.o)
 .ARM.attributes
                0x000008e4       0x1e c:/program files (x86)/atmel/studio/7.0/toolchain/arm/arm-gnu-toolchain/bin/../lib/gcc/arm-none-eabi/6.3.1/thumb/v7e-m\libgcc.a(_aeabi_uldivmod.o)
 .ARM.attributes
                0x00000902       0x2e c:/program files (x86)/atmel/studio/7.0/toolchain/arm/arm-gnu-toolchain/bin/../lib/gcc/arm-none-eabi/6.3.1/thumb/v7e-m\libgcc.a(_udivmoddi4.o)
 .ARM.attributes
                0x00000930       0x1e c:/program files (x86)/atmel/studio/7.0/toolchain/arm/arm-gnu-toolchain/bin/../lib/gcc/arm-none-eabi/6.3.1/thumb/v7e-m\libgcc.a(_dvmd_tls.o)
 .ARM.attributes
                0x0000094e       0x1e c:/program files (x86)/atmel/studio/7.0/toolchain/arm/arm-gnu-toolchain/bin/../lib/gcc/arm-none-eabi/6.3.1/thumb/v7e-m/crtn.o

.comment        0x00000000       0x59
 .comment       0x00000000       0x59 src/ASF/sam/drivers/rtt/rtt.o
                                 0x5a (size before relaxing)
 .comment       0x00000059       0x5a src/main.o
 .comment       0x00000059       0x5a src/ASF/common/services/spi/sam_spi/spi_master.o
 .comment       0x00000059       0x5a src/ASF/sam/components/display/ili9488/ili9488.o
 .comment       0x00000059       0x5a src/ASF/sam/drivers/spi/spi.o
 .comment       0x00000059       0x5a src/ASF/common/services/clock/same70/sysclk.o
 .comment       0x00000059       0x5a src/ASF/common/utils/interrupt/interrupt_sam_nvic.o
 .comment       0x00000059       0x5a src/ASF/sam/boards/same70_xplained/init.o
 .comment       0x00000059       0x5a src/ASF/sam/drivers/pio/pio.o
 .comment       0x00000059       0x5a src/ASF/sam/drivers/pio/pio_handler.o
 .comment       0x00000059       0x5a src/ASF/sam/drivers/pmc/pmc.o
 .comment       0x00000059       0x5a src/ASF/sam/utils/cmsis/same70/source/templates/gcc/startup_same70.o
 .comment       0x00000059       0x5a src/ASF/sam/utils/cmsis/same70/source/templates/system_same70.o
 .comment       0x00000059       0x5a src/ASF/sam/utils/syscalls/gcc/syscalls.o

.debug_info     0x00000000    0x140f7
 .debug_info    0x00000000      0xcaf src/ASF/sam/drivers/rtt/rtt.o
 .debug_info    0x00000caf     0x32b1 src/main.o
 .debug_info    0x00003f60     0x143e src/ASF/common/services/spi/sam_spi/spi_master.o
 .debug_info    0x0000539e     0x208c src/ASF/sam/components/display/ili9488/ili9488.o
 .debug_info    0x0000742a     0x1123 src/ASF/sam/drivers/spi/spi.o
 .debug_info    0x0000854d     0x1311 src/ASF/common/services/clock/same70/sysclk.o
 .debug_info    0x0000985e      0xb06 src/ASF/common/utils/interrupt/interrupt_sam_nvic.o
 .debug_info    0x0000a364     0x1dad src/ASF/sam/boards/same70_xplained/init.o
 .debug_info    0x0000c111     0x1ce3 src/ASF/sam/drivers/pio/pio.o
 .debug_info    0x0000ddf4     0x1a74 src/ASF/sam/drivers/pio/pio_handler.o
 .debug_info    0x0000f868     0x1eed src/ASF/sam/drivers/pmc/pmc.o
 .debug_info    0x00011755     0x1612 src/ASF/sam/utils/cmsis/same70/source/templates/gcc/startup_same70.o
 .debug_info    0x00012d67      0x5d4 src/ASF/sam/utils/cmsis/same70/source/templates/system_same70.o
 .debug_info    0x0001333b      0xdbc src/ASF/sam/utils/syscalls/gcc/syscalls.o

.debug_abbrev   0x00000000     0x24fc
 .debug_abbrev  0x00000000      0x203 src/ASF/sam/drivers/rtt/rtt.o
 .debug_abbrev  0x00000203      0x352 src/main.o
 .debug_abbrev  0x00000555      0x305 src/ASF/common/services/spi/sam_spi/spi_master.o
 .debug_abbrev  0x0000085a      0x2f4 src/ASF/sam/components/display/ili9488/ili9488.o
 .debug_abbrev  0x00000b4e      0x2cf src/ASF/sam/drivers/spi/spi.o
 .debug_abbrev  0x00000e1d      0x296 src/ASF/common/services/clock/same70/sysclk.o
 .debug_abbrev  0x000010b3      0x214 src/ASF/common/utils/interrupt/interrupt_sam_nvic.o
 .debug_abbrev  0x000012c7      0x3f4 src/ASF/sam/boards/same70_xplained/init.o
 .debug_abbrev  0x000016bb      0x296 src/ASF/sam/drivers/pio/pio.o
 .debug_abbrev  0x00001951      0x2c9 src/ASF/sam/drivers/pio/pio_handler.o
 .debug_abbrev  0x00001c1a      0x2ce src/ASF/sam/drivers/pmc/pmc.o
 .debug_abbrev  0x00001ee8      0x2e8 src/ASF/sam/utils/cmsis/same70/source/templates/gcc/startup_same70.o
 .debug_abbrev  0x000021d0      0x102 src/ASF/sam/utils/cmsis/same70/source/templates/system_same70.o
 .debug_abbrev  0x000022d2      0x22a src/ASF/sam/utils/syscalls/gcc/syscalls.o

.debug_loc      0x00000000     0x5c2a
 .debug_loc     0x00000000      0x330 src/ASF/sam/drivers/rtt/rtt.o
 .debug_loc     0x00000330      0x3aa src/main.o
 .debug_loc     0x000006da      0x830 src/ASF/common/services/spi/sam_spi/spi_master.o
 .debug_loc     0x00000f0a      0xd20 src/ASF/sam/components/display/ili9488/ili9488.o
 .debug_loc     0x00001c2a      0x630 src/ASF/sam/drivers/spi/spi.o
 .debug_loc     0x0000225a      0x4a0 src/ASF/common/services/clock/same70/sysclk.o
 .debug_loc     0x000026fa       0xa0 src/ASF/common/utils/interrupt/interrupt_sam_nvic.o
 .debug_loc     0x0000279a      0x2fc src/ASF/sam/boards/same70_xplained/init.o
 .debug_loc     0x00002a96     0x1174 src/ASF/sam/drivers/pio/pio.o
 .debug_loc     0x00003c0a      0x38c src/ASF/sam/drivers/pio/pio_handler.o
 .debug_loc     0x00003f96     0x1744 src/ASF/sam/drivers/pmc/pmc.o
 .debug_loc     0x000056da      0x16c src/ASF/sam/utils/cmsis/same70/source/templates/gcc/startup_same70.o
 .debug_loc     0x00005846       0xe4 src/ASF/sam/utils/cmsis/same70/source/templates/system_same70.o
 .debug_loc     0x0000592a      0x300 src/ASF/sam/utils/syscalls/gcc/syscalls.o

.debug_aranges  0x00000000      0xa38
 .debug_aranges
                0x00000000       0x60 src/ASF/sam/drivers/rtt/rtt.o
 .debug_aranges
                0x00000060       0x78 src/main.o
 .debug_aranges
                0x000000d8       0xe0 src/ASF/common/services/spi/sam_spi/spi_master.o
 .debug_aranges
                0x000001b8      0x168 src/ASF/sam/components/display/ili9488/ili9488.o
 .debug_aranges
                0x00000320       0xa8 src/ASF/sam/drivers/spi/spi.o
 .debug_aranges
                0x000003c8       0x98 src/ASF/common/services/clock/same70/sysclk.o
 .debug_aranges
                0x00000460       0x28 src/ASF/common/utils/interrupt/interrupt_sam_nvic.o
 .debug_aranges
                0x00000488       0x68 src/ASF/sam/boards/same70_xplained/init.o
 .debug_aranges
                0x000004f0      0x1a8 src/ASF/sam/drivers/pio/pio.o
 .debug_aranges
                0x00000698       0x80 src/ASF/sam/drivers/pio/pio_handler.o
 .debug_aranges
                0x00000718      0x250 src/ASF/sam/drivers/pmc/pmc.o
 .debug_aranges
                0x00000968       0x40 src/ASF/sam/utils/cmsis/same70/source/templates/gcc/startup_same70.o
 .debug_aranges
                0x000009a8       0x30 src/ASF/sam/utils/cmsis/same70/source/templates/system_same70.o
 .debug_aranges
                0x000009d8       0x60 src/ASF/sam/utils/syscalls/gcc/syscalls.o

.debug_ranges   0x00000000      0x9d0
 .debug_ranges  0x00000000       0x50 src/ASF/sam/drivers/rtt/rtt.o
 .debug_ranges  0x00000050       0x68 src/main.o
 .debug_ranges  0x000000b8       0xd0 src/ASF/common/services/spi/sam_spi/spi_master.o
 .debug_ranges  0x00000188      0x158 src/ASF/sam/components/display/ili9488/ili9488.o
 .debug_ranges  0x000002e0       0x98 src/ASF/sam/drivers/spi/spi.o
 .debug_ranges  0x00000378       0x88 src/ASF/common/services/clock/same70/sysclk.o
 .debug_ranges  0x00000400       0x18 src/ASF/common/utils/interrupt/interrupt_sam_nvic.o
 .debug_ranges  0x00000418       0xd0 src/ASF/sam/boards/same70_xplained/init.o
 .debug_ranges  0x000004e8      0x198 src/ASF/sam/drivers/pio/pio.o
 .debug_ranges  0x00000680       0x70 src/ASF/sam/drivers/pio/pio_handler.o
 .debug_ranges  0x000006f0      0x240 src/ASF/sam/drivers/pmc/pmc.o
 .debug_ranges  0x00000930       0x30 src/ASF/sam/utils/cmsis/same70/source/templates/gcc/startup_same70.o
 .debug_ranges  0x00000960       0x20 src/ASF/sam/utils/cmsis/same70/source/templates/system_same70.o
 .debug_ranges  0x00000980       0x50 src/ASF/sam/utils/syscalls/gcc/syscalls.o

.debug_macro    0x00000000    0x1fdfe
 .debug_macro   0x00000000      0x681 src/ASF/sam/drivers/rtt/rtt.o
 .debug_macro   0x00000681      0x8d4 src/ASF/sam/drivers/rtt/rtt.o
 .debug_macro   0x00000f55      0x16d src/ASF/sam/drivers/rtt/rtt.o
 .debug_macro   0x000010c2      0x6d7 src/ASF/sam/drivers/rtt/rtt.o
 .debug_macro   0x00001799       0x76 src/ASF/sam/drivers/rtt/rtt.o
 .debug_macro   0x0000180f       0x16 src/ASF/sam/drivers/rtt/rtt.o
 .debug_macro   0x00001825      0x6da src/ASF/sam/drivers/rtt/rtt.o
 .debug_macro   0x00001eff       0x22 src/ASF/sam/drivers/rtt/rtt.o
 .debug_macro   0x00001f21       0x87 src/ASF/sam/drivers/rtt/rtt.o
 .debug_macro   0x00001fa8       0x51 src/ASF/sam/drivers/rtt/rtt.o
 .debug_macro   0x00001ff9       0xef src/ASF/sam/drivers/rtt/rtt.o
 .debug_macro   0x000020e8       0x6a src/ASF/sam/drivers/rtt/rtt.o
 .debug_macro   0x00002152      0x1df src/ASF/sam/drivers/rtt/rtt.o
 .debug_macro   0x00002331       0x51 src/ASF/sam/drivers/rtt/rtt.o
 .debug_macro   0x00002382       0x3b src/ASF/sam/drivers/rtt/rtt.o
 .debug_macro   0x000023bd       0x2d src/ASF/sam/drivers/rtt/rtt.o
 .debug_macro   0x000023ea       0x26 src/ASF/sam/drivers/rtt/rtt.o
 .debug_macro   0x00002410      0xf9a src/ASF/sam/drivers/rtt/rtt.o
 .debug_macro   0x000033aa      0x191 src/ASF/sam/drivers/rtt/rtt.o
 .debug_macro   0x0000353b      0x2ee src/ASF/sam/drivers/rtt/rtt.o
 .debug_macro   0x00003829      0xa23 src/ASF/sam/drivers/rtt/rtt.o
 .debug_macro   0x0000424c      0x1b4 src/ASF/sam/drivers/rtt/rtt.o
 .debug_macro   0x00004400      0x35f src/ASF/sam/drivers/rtt/rtt.o
 .debug_macro   0x0000475f      0x15a src/ASF/sam/drivers/rtt/rtt.o
 .debug_macro   0x000048b9     0x18b3 src/ASF/sam/drivers/rtt/rtt.o
 .debug_macro   0x0000616c       0x1c src/ASF/sam/drivers/rtt/rtt.o
 .debug_macro   0x00006188      0x6a2 src/ASF/sam/drivers/rtt/rtt.o
 .debug_macro   0x0000682a      0x27f src/ASF/sam/drivers/rtt/rtt.o
 .debug_macro   0x00006aa9      0x3ba src/ASF/sam/drivers/rtt/rtt.o
 .debug_macro   0x00006e63      0x4f0 src/ASF/sam/drivers/rtt/rtt.o
 .debug_macro   0x00007353      0x5cb src/ASF/sam/drivers/rtt/rtt.o
 .debug_macro   0x0000791e     0x1527 src/ASF/sam/drivers/rtt/rtt.o
 .debug_macro   0x00008e45     0x2a40 src/ASF/sam/drivers/rtt/rtt.o
 .debug_macro   0x0000b885     0x113e src/ASF/sam/drivers/rtt/rtt.o
 .debug_macro   0x0000c9c3      0xcdb src/ASF/sam/drivers/rtt/rtt.o
 .debug_macro   0x0000d69e      0x3c6 src/ASF/sam/drivers/rtt/rtt.o
 .debug_macro   0x0000da64       0xa0 src/ASF/sam/drivers/rtt/rtt.o
 .debug_macro   0x0000db04       0x76 src/ASF/sam/drivers/rtt/rtt.o
 .debug_macro   0x0000db7a      0x442 src/ASF/sam/drivers/rtt/rtt.o
 .debug_macro   0x0000dfbc       0x64 src/ASF/sam/drivers/rtt/rtt.o
 .debug_macro   0x0000e020      0x299 src/ASF/sam/drivers/rtt/rtt.o
 .debug_macro   0x0000e2b9      0x201 src/ASF/sam/drivers/rtt/rtt.o
 .debug_macro   0x0000e4ba      0x280 src/ASF/sam/drivers/rtt/rtt.o
 .debug_macro   0x0000e73a      0x539 src/ASF/sam/drivers/rtt/rtt.o
 .debug_macro   0x0000ec73      0x64f src/ASF/sam/drivers/rtt/rtt.o
 .debug_macro   0x0000f2c2      0x6cc src/ASF/sam/drivers/rtt/rtt.o
 .debug_macro   0x0000f98e       0x64 src/ASF/sam/drivers/rtt/rtt.o
 .debug_macro   0x0000f9f2      0x4c4 src/ASF/sam/drivers/rtt/rtt.o
 .debug_macro   0x0000feb6      0x237 src/ASF/sam/drivers/rtt/rtt.o
 .debug_macro   0x000100ed      0xa06 src/ASF/sam/drivers/rtt/rtt.o
 .debug_macro   0x00010af3     0x14ec src/ASF/sam/drivers/rtt/rtt.o